Archive member included to satisfy reference by file (symbol)

c:/program files (x86)/atollic/truestudio for stm32 9.3.0/armtools/bin/../lib/gcc/arm-atollic-eabi/6.3.1/../../../../arm-atollic-eabi/lib/armv7-m\libc.a(lib_a-atoi.o)
                              user\user\gsm\gsm_mqtt\gsm_mqtt.o (atoi)
c:/program files (x86)/atollic/truestudio for stm32 9.3.0/armtools/bin/../lib/gcc/arm-atollic-eabi/6.3.1/../../../../arm-atollic-eabi/lib/armv7-m\libc.a(lib_a-init.o)
                              src\startup_stm32f10x_md.o (__libc_init_array)
c:/program files (x86)/atollic/truestudio for stm32 9.3.0/armtools/bin/../lib/gcc/arm-atollic-eabi/6.3.1/../../../../arm-atollic-eabi/lib/armv7-m\libc.a(lib_a-memcpy-stub.o)
                              user\third_paty\ringbuff\ringbuff.o (memcpy)
c:/program files (x86)/atollic/truestudio for stm32 9.3.0/armtools/bin/../lib/gcc/arm-atollic-eabi/6.3.1/../../../../arm-atollic-eabi/lib/armv7-m\libc.a(lib_a-memset.o)
                              user\third_paty\ringbuff\ringbuff.o (memset)
c:/program files (x86)/atollic/truestudio for stm32 9.3.0/armtools/bin/../lib/gcc/arm-atollic-eabi/6.3.1/../../../../arm-atollic-eabi/lib/armv7-m\libc.a(lib_a-snprintf.o)
                              user\user\gsm\gsm_app\gsm_app.o (snprintf)
c:/program files (x86)/atollic/truestudio for stm32 9.3.0/armtools/bin/../lib/gcc/arm-atollic-eabi/6.3.1/../../../../arm-atollic-eabi/lib/armv7-m\libc.a(lib_a-sscanf.o)
                              user\user\gsm\urc\urc.o (sscanf)
c:/program files (x86)/atollic/truestudio for stm32 9.3.0/armtools/bin/../lib/gcc/arm-atollic-eabi/6.3.1/../../../../arm-atollic-eabi/lib/armv7-m\libc.a(lib_a-stdio.o)
                              c:/program files (x86)/atollic/truestudio for stm32 9.3.0/armtools/bin/../lib/gcc/arm-atollic-eabi/6.3.1/../../../../arm-atollic-eabi/lib/armv7-m\libc.a(lib_a-sscanf.o) (__seofread)
c:/program files (x86)/atollic/truestudio for stm32 9.3.0/armtools/bin/../lib/gcc/arm-atollic-eabi/6.3.1/../../../../arm-atollic-eabi/lib/armv7-m\libc.a(lib_a-strchr.o)
                              user\user\gsm\gsm_mqtt\gsm_mqtt.o (strchr)
c:/program files (x86)/atollic/truestudio for stm32 9.3.0/armtools/bin/../lib/gcc/arm-atollic-eabi/6.3.1/../../../../arm-atollic-eabi/lib/armv7-m\libc.a(lib_a-strcmp.o)
                              user\user\gsm\gsm_mqtt\gsm_mqtt.o (strcmp)
c:/program files (x86)/atollic/truestudio for stm32 9.3.0/armtools/bin/../lib/gcc/arm-atollic-eabi/6.3.1/../../../../arm-atollic-eabi/lib/armv7-m\libc.a(lib_a-strlen.o)
                              src\tiny_printf.o (strlen)
c:/program files (x86)/atollic/truestudio for stm32 9.3.0/armtools/bin/../lib/gcc/arm-atollic-eabi/6.3.1/../../../../arm-atollic-eabi/lib/armv7-m\libc.a(lib_a-strncmp.o)
                              user\user\gsm\gsm_mqtt\gsm_mqtt.o (strncmp)
c:/program files (x86)/atollic/truestudio for stm32 9.3.0/armtools/bin/../lib/gcc/arm-atollic-eabi/6.3.1/../../../../arm-atollic-eabi/lib/armv7-m\libc.a(lib_a-strncpy.o)
                              user\user\gsm\gsm_mqtt\gsm_mqtt.o (strncpy)
c:/program files (x86)/atollic/truestudio for stm32 9.3.0/armtools/bin/../lib/gcc/arm-atollic-eabi/6.3.1/../../../../arm-atollic-eabi/lib/armv7-m\libc.a(lib_a-strstr.o)
                              user\user\gsm\gsm_mqtt\gsm_mqtt.o (strstr)
c:/program files (x86)/atollic/truestudio for stm32 9.3.0/armtools/bin/../lib/gcc/arm-atollic-eabi/6.3.1/../../../../arm-atollic-eabi/lib/armv7-m\libc.a(lib_a-strtol.o)
                              c:/program files (x86)/atollic/truestudio for stm32 9.3.0/armtools/bin/../lib/gcc/arm-atollic-eabi/6.3.1/../../../../arm-atollic-eabi/lib/armv7-m\libc.a(lib_a-atoi.o) (_strtol_r)
c:/program files (x86)/atollic/truestudio for stm32 9.3.0/armtools/bin/../lib/gcc/arm-atollic-eabi/6.3.1/../../../../arm-atollic-eabi/lib/armv7-m\libc.a(lib_a-svfprintf.o)
                              c:/program files (x86)/atollic/truestudio for stm32 9.3.0/armtools/bin/../lib/gcc/arm-atollic-eabi/6.3.1/../../../../arm-atollic-eabi/lib/armv7-m\libc.a(lib_a-snprintf.o) (_svfprintf_r)
c:/program files (x86)/atollic/truestudio for stm32 9.3.0/armtools/bin/../lib/gcc/arm-atollic-eabi/6.3.1/../../../../arm-atollic-eabi/lib/armv7-m\libc.a(lib_a-svfscanf.o)
                              c:/program files (x86)/atollic/truestudio for stm32 9.3.0/armtools/bin/../lib/gcc/arm-atollic-eabi/6.3.1/../../../../arm-atollic-eabi/lib/armv7-m\libc.a(lib_a-sscanf.o) (__ssvfscanf_r)
c:/program files (x86)/atollic/truestudio for stm32 9.3.0/armtools/bin/../lib/gcc/arm-atollic-eabi/6.3.1/../../../../arm-atollic-eabi/lib/armv7-m\libc.a(lib_a-writer.o)
                              c:/program files (x86)/atollic/truestudio for stm32 9.3.0/armtools/bin/../lib/gcc/arm-atollic-eabi/6.3.1/../../../../arm-atollic-eabi/lib/armv7-m\libc.a(lib_a-stdio.o) (_write_r)
[...]
Memory Configuration

Name             Origin             Length             Attributes
FLASH            0x08000000         0x00010000         xr
RAM              0x20000000         0x00005000         xrw
MEMORY_B1        0x60000000         0x00000000         xr
*default*        0x00000000         0xffffffff

Linker script and memory map

LOAD c:/program files (x86)/atollic/truestudio for stm32 9.3.0/armtools/bin/../lib/gcc/arm-atollic-eabi/6.3.1/armv7-m/crti.o
LOAD c:/program files (x86)/atollic/truestudio for stm32 9.3.0/armtools/bin/../lib/gcc/arm-atollic-eabi/6.3.1/armv7-m/crtbegin.o
LOAD Libraries\STM32F10x_StdPeriph_Driver\src\misc.o
LOAD Libraries\STM32F10x_StdPeriph_Driver\src\stm32f10x_adc.o
LOAD Libraries\STM32F10x_StdPeriph_Driver\src\stm32f10x_bkp.o
LOAD Libraries\STM32F10x_StdPeriph_Driver\src\stm32f10x_can.o
LOAD Libraries\STM32F10x_StdPeriph_Driver\src\stm32f10x_cec.o
LOAD Libraries\STM32F10x_StdPeriph_Driver\src\stm32f10x_crc.o
LOAD Libraries\STM32F10x_StdPeriph_Driver\src\stm32f10x_dac.o
LOAD Libraries\STM32F10x_StdPeriph_Driver\src\stm32f10x_dbgmcu.o
LOAD Libraries\STM32F10x_StdPeriph_Driver\src\stm32f10x_dma.o
LOAD Libraries\STM32F10x_StdPeriph_Driver\src\stm32f10x_exti.o
LOAD Libraries\STM32F10x_StdPeriph_Driver\src\stm32f10x_flash.o
LOAD Libraries\STM32F10x_StdPeriph_Driver\src\stm32f10x_fsmc.o
LOAD Libraries\STM32F10x_StdPeriph_Driver\src\stm32f10x_gpio.o
LOAD Libraries\STM32F10x_StdPeriph_Driver\src\stm32f10x_i2c.o
LOAD Libraries\STM32F10x_StdPeriph_Driver\src\stm32f10x_iwdg.o
LOAD Libraries\STM32F10x_StdPeriph_Driver\src\stm32f10x_pwr.o
LOAD Libraries\STM32F10x_StdPeriph_Driver\src\stm32f10x_rcc.o
LOAD Libraries\STM32F10x_StdPeriph_Driver\src\stm32f10x_rtc.o
LOAD Libraries\STM32F10x_StdPeriph_Driver\src\stm32f10x_sdio.o
LOAD Libraries\STM32F10x_StdPeriph_Driver\src\stm32f10x_spi.o
LOAD Libraries\STM32F10x_StdPeriph_Driver\src\stm32f10x_tim.o
LOAD Libraries\STM32F10x_StdPeriph_Driver\src\stm32f10x_usart.o
LOAD Libraries\STM32F10x_StdPeriph_Driver\src\stm32f10x_wwdg.o
LOAD src\main.o
LOAD src\startup_stm32f10x_md.o
LOAD src\stm32f1xx_it.o
LOAD src\system_stm32f10x.o
LOAD src\tiny_printf.o
LOAD user\third_paty\jsmn\jsmn.o
LOAD user\third_paty\ringbuff\ringbuff.o
LOAD user\user\driver\W25Qx\w25qx.o
LOAD user\user\driver\hardware.o
LOAD user\user\driver\led\led.o
LOAD user\user\driver\led\led_queue.o
LOAD user\user\driver\spi\spi.o
LOAD user\user\driver\uart\uart.o
LOAD user\user\gsm\gsm.o
LOAD user\user\gsm\gsm_app\gsm_app.o
LOAD user\user\gsm\gsm_http\gsm_http.o
LOAD user\user\gsm\gsm_mqtt\gsm_mqtt.o
LOAD user\user\gsm\gsm_nw\gsm_nw.o
LOAD user\user\gsm\gsm_send_data_queue.o
LOAD user\user\gsm\gsm_sms\gsm_sms.o
LOAD user\user\gsm\urc\urc.o
                0x00000080                malloc_getpagesize_P = 0x80
START GROUP
LOAD c:/program files (x86)/atollic/truestudio for stm32 9.3.0/armtools/bin/../lib/gcc/arm-atollic-eabi/6.3.1/../../../../arm-atollic-eabi/lib/armv7-m\libc.a
LOAD c:/program files (x86)/atollic/truestudio for stm32 9.3.0/armtools/bin/../lib/gcc/arm-atollic-eabi/6.3.1/../../../../arm-atollic-eabi/lib/armv7-m\libm.a
END GROUP
START GROUP
LOAD c:/program files (x86)/atollic/truestudio for stm32 9.3.0/armtools/bin/../lib/gcc/arm-atollic-eabi/6.3.1/armv7-m\libgcc.a
LOAD c:/program files (x86)/atollic/truestudio for stm32 9.3.0/armtools/bin/../lib/gcc/arm-atollic-eabi/6.3.1/../../../../arm-atollic-eabi/lib/armv7-m\libc.a
END GROUP
START GROUP
LOAD c:/program files (x86)/atollic/truestudio for stm32 9.3.0/armtools/bin/../lib/gcc/arm-atollic-eabi/6.3.1/armv7-m\libgcc.a
LOAD c:/program files (x86)/atollic/truestudio for stm32 9.3.0/armtools/bin/../lib/gcc/arm-atollic-eabi/6.3.1/../../../../arm-atollic-eabi/lib/armv7-m\libc.a
LOAD c:/program files (x86)/atollic/truestudio for stm32 9.3.0/armtools/bin/../lib/gcc/arm-atollic-eabi/6.3.1/../../../../arm-atollic-eabi/lib/armv7-m\libnosys.a
END GROUP
LOAD c:/program files (x86)/atollic/truestudio for stm32 9.3.0/armtools/bin/../lib/gcc/arm-atollic-eabi/6.3.1/armv7-m/crtend.o
LOAD c:/program files (x86)/atollic/truestudio for stm32 9.3.0/armtools/bin/../lib/gcc/arm-atollic-eabi/6.3.1/armv7-m/crtn.o
                0x20005000                _estack = 0x20005000
                0x00000000                _Min_Heap_Size = 0x0
                0x00000100                _Min_Stack_Size = 0x100

.isr_vector     0x08000000      0x10c
                0x08000000                . = ALIGN (0x4)
 *(.isr_vector)
 .isr_vector    0x08000000      0x10c src\startup_stm32f10x_md.o
                0x08000000                g_pfnVectors
                0x0800010c                . = ALIGN (0x4)

.text           0x08000110     0xd9dc
                0x08000110                . = ALIGN (0x4)
 *(.text)
 .text          0x08000110       0x40 c:/program files (x86)/atollic/truestudio for stm32 9.3.0/armtools/bin/../lib/gcc/arm-atollic-eabi/6.3.1/armv7-m/crtbegin.o
 .text          0x08000150       0x14 c:/program files (x86)/atollic/truestudio for stm32 9.3.0/armtools/bin/../lib/gcc/arm-atollic-eabi/6.3.1/../../../../arm-atollic-eabi/lib/armv7-m\libc.a(lib_a-strcmp.o)
                0x08000150                strcmp
 .text          0x08000164       0x10 c:/program files (x86)/atollic/truestudio for stm32 9.3.0/armtools/bin/../lib/gcc/arm-atollic-eabi/6.3.1/../../../../arm-atollic-eabi/lib/armv7-m\libc.a(lib_a-strlen.o)
                0x08000164                strlen
 .text          0x08000174      0x370 c:/program files (x86)/atollic/truestudio for stm32 9.3.0/armtools/bin/../lib/gcc/arm-atollic-eabi/6.3.1/armv7-m\libgcc.a(_arm_addsubdf3.o)
                0x08000174                __aeabi_drsub
                0x0800017c                __aeabi_dsub
                0x0800017c                __subdf3
                0x08000180                __aeabi_dadd
                0x08000180                __adddf3
                0x080003f8                __floatunsidf
                0x080003f8                __aeabi_ui2d
                0x08000418                __floatsidf
                0x08000418                __aeabi_i2d
                0x0800043c                __aeabi_f2d
                0x0800043c                __extendsfdf2
                0x08000478                __floatundidf
                0x08000478                __aeabi_ul2d
                0x08000488                __floatdidf
                0x08000488                __aeabi_l2d
 .text          0x080004e4      0x424 c:/program files (x86)/atollic/truestudio for stm32 9.3.0/armtools/bin/../lib/gcc/arm-atollic-eabi/6.3.1/armv7-m\libgcc.a(_arm_muldivdf3.o)
                0x080004e4                __aeabi_dmul
                0x080004e4                __muldf3
                0x08000738                __divdf3
                0x08000738                __aeabi_ddiv
 .text          0x08000908      0x110 c:/program files (x86)/atollic/truestudio for stm32 9.3.0/armtools/bin/../lib/gcc/arm-atollic-eabi/6.3.1/armv7-m\libgcc.a(_arm_cmpdf2.o)
                0x08000908                __gtdf2
                0x08000908                __gedf2
                0x08000910                __ltdf2
                0x08000910                __ledf2
                0x08000918                __nedf2
                0x08000918                __eqdf2
                0x08000918                __cmpdf2
                0x08000994                __aeabi_cdrcmple
                0x080009a4                __aeabi_cdcmpeq
                0x080009a4                __aeabi_cdcmple
                0x080009b4                __aeabi_dcmpeq
                0x080009c8                __aeabi_dcmplt
                0x080009dc                __aeabi_dcmple
                0x080009f0                __aeabi_dcmpge
                0x08000a04                __aeabi_dcmpgt
 .text          0x08000a18       0x2c c:/program files (x86)/atollic/truestudio for stm32 9.3.0/armtools/bin/../lib/gcc/arm-atollic-eabi/6.3.1/armv7-m\libgcc.a(_arm_unorddf2.o)
                0x08000a18                __unorddf2
                0x08000a18                __aeabi_dcmpun
 .text          0x08000a44       0x50 c:/program files (x86)/atollic/truestudio for stm32 9.3.0/armtools/bin/../lib/gcc/arm-atollic-eabi/6.3.1/armv7-m\libgcc.a(_arm_fixdfsi.o)
                0x08000a44                __aeabi_d2iz
                0x08000a44                __fixdfsi
 .text          0x08000a94       0x40 c:/program files (x86)/atollic/truestudio for stm32 9.3.0/armtools/bin/../lib/gcc/arm-atollic-eabi/6.3.1/armv7-m\libgcc.a(_arm_fixunsdfsi.o)
                0x08000a94                __aeabi_d2uiz
                0x08000a94                __fixunsdfsi
 .text          0x08000ad4       0xa0 c:/program files (x86)/atollic/truestudio for stm32 9.3.0/armtools/bin/../lib/gcc/arm-atollic-eabi/6.3.1/armv7-m\libgcc.a(_arm_truncdfsf2.o)
                0x08000ad4                __truncdfsf2
                0x08000ad4                __aeabi_d2f
 .text          0x08000b74       0x30 c:/program files (x86)/atollic/truestudio for stm32 9.3.0/armtools/bin/../lib/gcc/arm-atollic-eabi/6.3.1/armv7-m\libgcc.a(_aeabi_uldivmod.o)
                0x08000b74                __aeabi_uldivmod
 .text          0x08000ba4      0x2dc c:/program files (x86)/atollic/truestudio for stm32 9.3.0/armtools/bin/../lib/gcc/arm-atollic-eabi/6.3.1/armv7-m\libgcc.a(_udivmoddi4.o)
                0x08000ba4                __udivmoddi4
 .text          0x08000e80        0x4 c:/program files (x86)/atollic/truestudio for stm32 9.3.0/armtools/bin/../lib/gcc/arm-atollic-eabi/6.3.1/armv7-m\libgcc.a(_dvmd_tls.o)
                0x08000e80                __aeabi_idiv0
                0x08000e80                __aeabi_ldiv0
 *(.text*)
 .text.SysTick_CLKSourceConfig
                0x08000e84       0x38 Libraries\STM32F10x_StdPeriph_Driver\src\misc.o
                0x08000e84                SysTick_CLKSourceConfig
 .text.FLASH_SetLatency
                0x08000ebc       0x38 Libraries\STM32F10x_StdPeriph_Driver\src\stm32f10x_flash.o
                0x08000ebc                FLASH_SetLatency
 .text.FLASH_PrefetchBufferCmd
                0x08000ef4       0x30 Libraries\STM32F10x_StdPeriph_Driver\src\stm32f10x_flash.o
                0x08000ef4                FLASH_PrefetchBufferCmd
 .text.GPIO_Init
                0x08000f24      0x178 Libraries\STM32F10x_StdPeriph_Driver\src\stm32f10x_gpio.o
                0x08000f24                GPIO_Init
 .text.GPIO_SetBits
                0x0800109c       0x1c Libraries\STM32F10x_StdPeriph_Driver\src\stm32f10x_gpio.o
                0x0800109c                GPIO_SetBits
 .text.GPIO_ResetBits
                0x080010b8       0x1c Libraries\STM32F10x_StdPeriph_Driver\src\stm32f10x_gpio.o
                0x080010b8                GPIO_ResetBits
 .text.RCC_HSEConfig
                0x080010d4       0x5c Libraries\STM32F10x_StdPeriph_Driver\src\stm32f10x_rcc.o
                0x080010d4                RCC_HSEConfig
 .text.RCC_WaitForHSEStartUp
                0x08001130       0x50 Libraries\STM32F10x_StdPeriph_Driver\src\stm32f10x_rcc.o
                0x08001130                RCC_WaitForHSEStartUp
 .text.RCC_PLLConfig
                0x08001180       0x3c Libraries\STM32F10x_StdPeriph_Driver\src\stm32f10x_rcc.o
                0x08001180                RCC_PLLConfig
 .text.RCC_PLLCmd
                0x080011bc       0x20 Libraries\STM32F10x_StdPeriph_Driver\src\stm32f10x_rcc.o
                0x080011bc                RCC_PLLCmd
 .text.RCC_SYSCLKConfig
                0x080011dc       0x38 Libraries\STM32F10x_StdPeriph_Driver\src\stm32f10x_rcc.o
                0x080011dc                RCC_SYSCLKConfig
 .text.RCC_GetSYSCLKSource
                0x08001214       0x1c Libraries\STM32F10x_StdPeriph_Driver\src\stm32f10x_rcc.o
                0x08001214                RCC_GetSYSCLKSource
 .text.RCC_HCLKConfig
                0x08001230       0x38 Libraries\STM32F10x_StdPeriph_Driver\src\stm32f10x_rcc.o
                0x08001230                RCC_HCLKConfig
 .text.RCC_PCLK1Config
                0x08001268       0x38 Libraries\STM32F10x_StdPeriph_Driver\src\stm32f10x_rcc.o
                0x08001268                RCC_PCLK1Config
 .text.RCC_PCLK2Config
                0x080012a0       0x38 Libraries\STM32F10x_StdPeriph_Driver\src\stm32f10x_rcc.o
                0x080012a0                RCC_PCLK2Config
 .text.RCC_GetClocksFreq
                0x080012d8      0x160 Libraries\STM32F10x_StdPeriph_Driver\src\stm32f10x_rcc.o
                0x080012d8                RCC_GetClocksFreq
 .text.RCC_APB2PeriphClockCmd
                0x08001438       0x3c Libraries\STM32F10x_StdPeriph_Driver\src\stm32f10x_rcc.o
                0x08001438                RCC_APB2PeriphClockCmd
 .text.RCC_APB1PeriphClockCmd
                0x08001474       0x3c Libraries\STM32F10x_StdPeriph_Driver\src\stm32f10x_rcc.o
                0x08001474                RCC_APB1PeriphClockCmd
 .text.RCC_GetFlagStatus
                0x080014b0       0x74 Libraries\STM32F10x_StdPeriph_Driver\src\stm32f10x_rcc.o
                0x080014b0                RCC_GetFlagStatus
 .text.SPI_Init
                0x08001524       0x86 Libraries\STM32F10x_StdPeriph_Driver\src\stm32f10x_spi.o
                0x08001524                SPI_Init
 .text.SPI_Cmd  0x080015aa       0x3e Libraries\STM32F10x_StdPeriph_Driver\src\stm32f10x_spi.o
                0x080015aa                SPI_Cmd
 .text.SPI_I2S_SendData
                0x080015e8       0x1c Libraries\STM32F10x_StdPeriph_Driver\src\stm32f10x_spi.o
                0x080015e8                SPI_I2S_SendData
 .text.SPI_I2S_ReceiveData
                0x08001604       0x18 Libraries\STM32F10x_StdPeriph_Driver\src\stm32f10x_spi.o
                0x08001604                SPI_I2S_ReceiveData
 .text.SPI_I2S_GetFlagStatus
                0x0800161c       0x36 Libraries\STM32F10x_StdPeriph_Driver\src\stm32f10x_spi.o
                0x0800161c                SPI_I2S_GetFlagStatus
 *fill*         0x08001652        0x2 
 .text.USART_Init
                0x08001654      0x174 Libraries\STM32F10x_StdPeriph_Driver\src\stm32f10x_usart.o
                0x08001654                USART_Init
 .text.USART_Cmd
                0x080017c8       0x3e Libraries\STM32F10x_StdPeriph_Driver\src\stm32f10x_usart.o
                0x080017c8                USART_Cmd
 .text.USART_ITConfig
                0x08001806       0x8e Libraries\STM32F10x_StdPeriph_Driver\src\stm32f10x_usart.o
                0x08001806                USART_ITConfig
 .text.USART_SendData
                0x08001894       0x22 Libraries\STM32F10x_StdPeriph_Driver\src\stm32f10x_usart.o
                0x08001894                USART_SendData
 .text.USART_ReceiveData
                0x080018b6       0x1e Libraries\STM32F10x_StdPeriph_Driver\src\stm32f10x_usart.o
                0x080018b6                USART_ReceiveData
 .text.USART_GetFlagStatus
                0x080018d4       0x36 Libraries\STM32F10x_StdPeriph_Driver\src\stm32f10x_usart.o
                0x080018d4                USART_GetFlagStatus
 .text.USART_GetITStatus
                0x0800190a       0xb4 Libraries\STM32F10x_StdPeriph_Driver\src\stm32f10x_usart.o
                0x0800190a                USART_GetITStatus
 .text.main     0x080019be       0x26 src\main.o
                0x080019be                main
 .text.Reset_Handler
                0x080019e4       0x50 src\startup_stm32f10x_md.o
                0x080019e4                Reset_Handler
 .text.Default_Handler
                0x08001a34        0x2 src\startup_stm32f10x_md.o
                0x08001a34                EXTI2_IRQHandler
                0x08001a34                TIM1_CC_IRQHandler
                0x08001a34                PVD_IRQHandler
                0x08001a34                EXTI3_IRQHandler
                0x08001a34                EXTI0_IRQHandler
                0x08001a34                I2C2_EV_IRQHandler
                0x08001a34                ADC1_2_IRQHandler
                0x08001a34                SPI1_IRQHandler
                0x08001a34                TAMPER_IRQHandler
                0x08001a34                DMA1_Channel4_IRQHandler
                0x08001a34                USART3_IRQHandler
                0x08001a34                RTC_IRQHandler
                0x08001a34                DMA1_Channel7_IRQHandler
                0x08001a34                CAN1_RX1_IRQHandler
                0x08001a34                TIM4_IRQHandler
                0x08001a34                I2C1_EV_IRQHandler
                0x08001a34                DMA1_Channel6_IRQHandler
                0x08001a34                TIM3_IRQHandler
                0x08001a34                RCC_IRQHandler
                0x08001a34                TIM1_TRG_COM_IRQHandler
                0x08001a34                DMA1_Channel1_IRQHandler
                0x08001a34                Default_Handler
                0x08001a34                EXTI15_10_IRQHandler
                0x08001a34                EXTI9_5_IRQHandler
                0x08001a34                SPI2_IRQHandler
                0x08001a34                DMA1_Channel5_IRQHandler
                0x08001a34                EXTI4_IRQHandler
                0x08001a34                USB_LP_CAN1_RX0_IRQHandler
                0x08001a34                USB_HP_CAN1_TX_IRQHandler
                0x08001a34                DMA1_Channel3_IRQHandler
                0x08001a34                TIM1_UP_IRQHandler
                0x08001a34                WWDG_IRQHandler
                0x08001a34                TIM2_IRQHandler
                0x08001a34                TIM1_BRK_IRQHandler
                0x08001a34                EXTI1_IRQHandler
                0x08001a34                RTCAlarm_IRQHandler
                0x08001a34                I2C2_ER_IRQHandler
                0x08001a34                DMA1_Channel2_IRQHandler
                0x08001a34                CAN1_SCE_IRQHandler
                0x08001a34                FLASH_IRQHandler
                0x08001a34                I2C1_ER_IRQHandler
                0x08001a34                USBWakeUp_IRQHandler
 .text.NMI_Handler
                0x08001a36        0xc src\stm32f1xx_it.o
                0x08001a36                NMI_Handler
 .text.HardFault_Handler
                0x08001a42        0x6 src\stm32f1xx_it.o
                0x08001a42                HardFault_Handler
 .text.MemManage_Handler
                0x08001a48        0x6 src\stm32f1xx_it.o
                0x08001a48                MemManage_Handler
 .text.BusFault_Handler
                0x08001a4e        0x6 src\stm32f1xx_it.o
                0x08001a4e                BusFault_Handler
 .text.UsageFault_Handler
                0x08001a54        0x6 src\stm32f1xx_it.o
                0x08001a54                UsageFault_Handler
 .text.SVC_Handler
                0x08001a5a        0xc src\stm32f1xx_it.o
                0x08001a5a                SVC_Handler
 .text.DebugMon_Handler
                0x08001a66        0xc src\stm32f1xx_it.o
                0x08001a66                DebugMon_Handler
 .text.PendSV_Handler
                0x08001a72        0xc src\stm32f1xx_it.o
                0x08001a72                PendSV_Handler
 .text.SysTick_Handler
                0x08001a7e        0xc src\stm32f1xx_it.o
                0x08001a7e                SysTick_Handler
 *fill*         0x08001a8a        0x2 
 .text.USART1_IRQHandler
                0x08001a8c       0x34 src\stm32f1xx_it.o
                0x08001a8c                USART1_IRQHandler
 .text.USART2_IRQHandler
                0x08001ac0       0x34 src\stm32f1xx_it.o
                0x08001ac0                USART2_IRQHandler
 .text.SystemInit
                0x08001af4       0x68 src\system_stm32f10x.o
                0x08001af4                SystemInit
 .text.SystemCoreClockUpdate
                0x08001b5c       0xd8 src\system_stm32f10x.o
                0x08001b5c                SystemCoreClockUpdate
 .text.SetSysClock
                0x08001c34        0xc src\system_stm32f10x.o
 .text.SetSysClockTo72
                0x08001c40      0x100 src\system_stm32f10x.o
 .text.ts_itoa  0x08001d40       0x90 src\tiny_printf.o
                0x08001d40                ts_itoa
 .text.ts_formatstring
                0x08001dd0      0x12e src\tiny_printf.o
                0x08001dd0                ts_formatstring
 .text.siprintf
                0x08001efe       0x2c src\tiny_printf.o
                0x08001efe                siprintf
                0x08001efe                sprintf
 .text.jsmn_alloc_token
                0x08001f2a       0x54 user\third_paty\jsmn\jsmn.o
 .text.jsmn_fill_token
                0x08001f7e       0x32 user\third_paty\jsmn\jsmn.o
 .text.jsmn_parse_primitive
                0x08001fb0       0xcc user\third_paty\jsmn\jsmn.o
 .text.jsmn_parse_string
                0x0800207c      0x23c user\third_paty\jsmn\jsmn.o
 .text.jsmn_parse
                0x080022b8      0x2f2 user\third_paty\jsmn\jsmn.o
                0x080022b8                jsmn_parse
 .text.jsmn_init
                0x080025aa       0x26 user\third_paty\jsmn\jsmn.o
                0x080025aa                jsmn_init
 .text.ringbuff_init
                0x080025d0       0x42 user\third_paty\ringbuff\ringbuff.o
                0x080025d0                ringbuff_init
 .text.ringbuff_write
                0x08002612       0xce user\third_paty\ringbuff\ringbuff.o
                0x08002612                ringbuff_write
 .text.ringbuff_read
                0x080026e0       0xce user\third_paty\ringbuff\ringbuff.o
                0x080026e0                ringbuff_read
 .text.ringbuff_get_free
                0x080027ae       0x6c user\third_paty\ringbuff\ringbuff.o
                0x080027ae                ringbuff_get_free
 .text.ringbuff_get_full
                0x0800281a       0x68 user\third_paty\ringbuff\ringbuff.o
                0x0800281a                ringbuff_get_full
 *fill*         0x08002882        0x2 
 .text.w25qxx_send_cmd
                0x08002884       0x30 user\user\driver\W25Qx\w25qx.o
 .text.w25qxx_init
                0x080028b4       0x1c user\user\driver\W25Qx\w25qx.o
                0x080028b4                w25qxx_init
 .text.w25qxx_read_id
                0x080028d0       0x5c user\user\driver\W25Qx\w25qx.o
                0x080028d0                w25qxx_read_id
 .text.w25qxx_write_enable
                0x0800292c        0xe user\user\driver\W25Qx\w25qx.o
                0x0800292c                w25qxx_write_enable
 *fill*         0x0800293a        0x2 
 .text.w25qxx_wait_busy
                0x0800293c       0x3c user\user\driver\W25Qx\w25qx.o
                0x0800293c                w25qxx_wait_busy
 .text.w25qxx_erase_sector
                0x08002978       0x54 user\user\driver\W25Qx\w25qx.o
                0x08002978                w25qxx_erase_sector
 .text.w25qxx_write_page
                0x080029cc       0x8c user\user\driver\W25Qx\w25qx.o
                0x080029cc                w25qxx_write_page
 .text.w25qxx_read
                0x08002a58       0x78 user\user\driver\W25Qx\w25qx.o
                0x08002a58                w25qxx_read
 .text.NVIC_SetPriority
                0x08002ad0       0x54 user\user\driver\hardware.o
 .text.SysTick_Config
                0x08002b24       0x44 user\user\driver\hardware.o
 .text.get_tick_ms
                0x08002b68       0x14 user\user\driver\hardware.o
                0x08002b68                get_tick_ms
 .text.tick_ms_increment
                0x08002b7c       0x1c user\user\driver\hardware.o
                0x08002b7c                tick_ms_increment
 .text.delay_ms
                0x08002b98       0x28 user\user\driver\hardware.o
                0x08002b98                delay_ms
 .text.rcc_config
                0x08002bc0       0x7a user\user\driver\hardware.o
                0x08002bc0                rcc_config
 *fill*         0x08002c3a        0x2 
 .text.systick_config
                0x08002c3c       0x3c user\user\driver\hardware.o
                0x08002c3c                systick_config
 .text.led_init
                0x08002c78       0x38 user\user\driver\led\led.o
                0x08002c78                led_init
 .text.turn_on_led
                0x08002cb0       0x18 user\user\driver\led\led.o
                0x08002cb0                turn_on_led
 .text.turn_off_led
                0x08002cc8       0x18 user\user\driver\led\led.o
                0x08002cc8                turn_off_led
 .text.led_state_init
                0x08002ce0       0x24 user\user\driver\led\led.o
                0x08002ce0                led_state_init
 .text.led_state_save
                0x08002d04       0x4c user\user\driver\led\led.o
                0x08002d04                led_state_save
 .text.led_state_load
                0x08002d50       0x2c user\user\driver\led\led.o
                0x08002d50                led_state_load
 .text.led_set_state
                0x08002d7c       0x2c user\user\driver\led\led.o
                0x08002d7c                led_set_state
 .text.led_apply_command
                0x08002da8       0xf6 user\user\driver\led\led.o
                0x08002da8                led_apply_command
 *fill*         0x08002e9e        0x2 
 .text.led_queue_init
                0x08002ea0       0x18 user\user\driver\led\led_queue.o
                0x08002ea0                led_queue_init
 .text.led_queue_push
                0x08002eb8       0x64 user\user\driver\led\led_queue.o
                0x08002eb8                led_queue_push
 .text.led_queue_pop
                0x08002f1c       0x6c user\user\driver\led\led_queue.o
                0x08002f1c                led_queue_pop
 .text.led_queue_count
                0x08002f88       0x14 user\user\driver\led\led_queue.o
                0x08002f88                led_queue_count
 .text.spi_init
                0x08002f9c       0xc0 user\user\driver\spi\spi.o
                0x08002f9c                spi_init
 .text.spi_transfer
                0x0800305c       0x4c user\user\driver\spi\spi.o
                0x0800305c                spi_transfer
 .text.NVIC_EnableIRQ
                0x080030a8       0x30 user\user\driver\uart\uart.o
 .text.NVIC_SetPriority
                0x080030d8       0x54 user\user\driver\uart\uart.o
 .text.uart_init
                0x0800312c      0x154 user\user\driver\uart\uart.o
                0x0800312c                uart_init
 .text.uart_debug_rx_handler
                0x08003280       0x24 user\user\driver\uart\uart.o
                0x08003280                uart_debug_rx_handler
 .text.uart_sim_rx_handler
                0x080032a4       0x24 user\user\driver\uart\uart.o
                0x080032a4                uart_sim_rx_handler
 .text.uart_sim_read
                0x080032c8       0x28 user\user\driver\uart\uart.o
                0x080032c8                uart_sim_read
 .text.uart_sim_available
                0x080032f0       0x18 user\user\driver\uart\uart.o
                0x080032f0                uart_sim_available
 .text.uart_send_byte
                0x08003308       0x30 user\user\driver\uart\uart.o
                0x08003308                uart_send_byte
 .text.uart_send_string
                0x08003338       0x3a user\user\driver\uart\uart.o
                0x08003338                uart_send_string
 *fill*         0x08003372        0x2 
 .text.send_at  0x08003374       0x28 user\user\gsm\gsm.o
                0x08003374                send_at
 .text.send_debug
                0x0800339c       0x28 user\user\gsm\gsm.o
                0x0800339c                send_debug
 .text.is_timeout
                0x080033c4       0x28 user\user\gsm\gsm.o
                0x080033c4                is_timeout
 .text.log_raw_line
                0x080033ec       0x20 user\user\gsm\gsm.o
                0x080033ec                log_raw_line
 .text.init_hardware
                0x0800340c       0x50 user\user\gsm\gsm_app\gsm_app.o
                0x0800340c                init_hardware
 .text.app_reset_all
                0x0800345c       0x58 user\user\gsm\gsm_app\gsm_app.o
                0x0800345c                app_reset_all
 .text.app_init
                0x080034b4       0x38 user\user\gsm\gsm_app\gsm_app.o
                0x080034b4                app_init
 .text.app_process_led_queue
                0x080034ec       0xb0 user\user\gsm\gsm_app\gsm_app.o
 .text.app_idle_polling
                0x0800359c      0x1f4 user\user\gsm\gsm_app\gsm_app.o
 .text.app_process
                0x08003790       0x70 user\user\gsm\gsm_app\gsm_app.o
                0x08003790                app_process
 .text.mqtt_extract_message_field
                0x08003800      0x16c user\user\gsm\gsm_mqtt\gsm_mqtt.o
 .text.mqtt_led_message_handler
                0x0800396c      0x330 user\user\gsm\gsm_mqtt\gsm_mqtt.o
 .text.gsm_mqtt_init
                0x08003c9c       0xbc user\user\gsm\gsm_mqtt\gsm_mqtt.o
                0x08003c9c                gsm_mqtt_init
 .text.mqtt_rx_read_topic
                0x08003d58      0x10c user\user\gsm\gsm_mqtt\gsm_mqtt.o
 .text.mqtt_rx_read_payload
                0x08003e64      0x110 user\user\gsm\gsm_mqtt\gsm_mqtt.o
 .text.gsm_mqtt_handle_urc
                0x08003f74      0x3d8 user\user\gsm\gsm_mqtt\gsm_mqtt.o
                0x08003f74                gsm_mqtt_handle_urc
 .text.mqtt_phase_stop
                0x0800434c      0x1f4 user\user\gsm\gsm_mqtt\gsm_mqtt.o
                0x0800434c                mqtt_phase_stop
 .text.mqtt_phase_start
                0x08004540      0x130 user\user\gsm\gsm_mqtt\gsm_mqtt.o
                0x08004540                mqtt_phase_start
 .text.mqtt_phase_accq
                0x08004670      0x1d4 user\user\gsm\gsm_mqtt\gsm_mqtt.o
                0x08004670                mqtt_phase_accq
 .text.mqtt_phase_ssl_ver
                0x08004844       0xf8 user\user\gsm\gsm_mqtt\gsm_mqtt.o
                0x08004844                mqtt_phase_ssl_ver
 .text.mqtt_phase_ssl_sni
                0x0800493c       0xf8 user\user\gsm\gsm_mqtt\gsm_mqtt.o
                0x0800493c                mqtt_phase_ssl_sni
 .text.mqtt_phase_ssl_auth
                0x08004a34      0x1f0 user\user\gsm\gsm_mqtt\gsm_mqtt.o
                0x08004a34                mqtt_phase_ssl_auth
 .text.mqtt_phase_ssl_tls
                0x08004c24      0x230 user\user\gsm\gsm_mqtt\gsm_mqtt.o
                0x08004c24                mqtt_phase_ssl_tls
 .text.mqtt_phase_connect
                0x08004e54      0x420 user\user\gsm\gsm_mqtt\gsm_mqtt.o
                0x08004e54                mqtt_phase_connect
 .text.mqtt_phase_sub
                0x08005274      0x1f8 user\user\gsm\gsm_mqtt\gsm_mqtt.o
                0x08005274                mqtt_phase_sub
 .text.gsm_mqtt_process
                0x0800546c      0x52c user\user\gsm\gsm_mqtt\gsm_mqtt.o
                0x0800546c                gsm_mqtt_process
 .text.gsm_mqtt_config
                0x08005998      0x244 user\user\gsm\gsm_mqtt\gsm_mqtt.o
                0x08005998                gsm_mqtt_config
 .text.gsm_nw_init
                0x08005bdc       0x40 user\user\gsm\gsm_nw\gsm_nw.o
                0x08005bdc                gsm_nw_init
 .text.gsm_nw_handle_error
                0x08005c1c       0x84 user\user\gsm\gsm_nw\gsm_nw.o
 .text.apn_from_mcc_mnc
                0x08005ca0       0x74 user\user\gsm\gsm_nw\gsm_nw.o
                0x08005ca0                apn_from_mcc_mnc
 .text.gsm_nw_basic
                0x08005d14      0x564 user\user\gsm\gsm_nw\gsm_nw.o
                0x08005d14                gsm_nw_basic
 .text.gsm_nw_lte
                0x08006278      0x2a0 user\user\gsm\gsm_nw\gsm_nw.o
                0x08006278                gsm_nw_lte
 .text.gsm_nw_reset_sim
                0x08006518      0x100 user\user\gsm\gsm_nw\gsm_nw.o
                0x08006518                gsm_nw_reset_sim
 .text.gsm_nw_process
                0x08006618       0x44 user\user\gsm\gsm_nw\gsm_nw.o
                0x08006618                gsm_nw_process
 .text.gsm_send_data_queue_push
                0x0800665c       0x90 user\user\gsm\gsm_send_data_queue.o
 .text.gsm_send_data_queue_pop
                0x080066ec       0x98 user\user\gsm\gsm_send_data_queue.o
                0x080066ec                gsm_send_data_queue_pop
 .text.gsm_send_data_queue_proces
                0x08006784       0x88 user\user\gsm\gsm_send_data_queue.o
                0x08006784                gsm_send_data_queue_proces
 .text.delete_line
                0x0800680c       0x28 user\user\gsm\gsm_send_data_queue.o
                0x0800680c                delete_line
 .text.gsm_sms_validate_phone
                0x08006834       0x86 user\user\gsm\gsm_sms\gsm_sms.o
 *fill*         0x080068ba        0x2 
 .text.gsm_sms_init
                0x080068bc      0x10c user\user\gsm\gsm_sms\gsm_sms.o
                0x080068bc                gsm_sms_init
 .text.gsm_sms_reset_flow
                0x080069c8       0x28 user\user\gsm\gsm_sms\gsm_sms.o
 .text.gsm_sms_handle_error
                0x080069f0       0x1c user\user\gsm\gsm_sms\gsm_sms.o
 .text.gsm_sms_send
                0x08006a0c       0xd8 user\user\gsm\gsm_sms\gsm_sms.o
                0x08006a0c                gsm_sms_send
 .text.gsm_sms_phase_send
                0x08006ae4      0x1c4 user\user\gsm\gsm_sms\gsm_sms.o
                0x08006ae4                gsm_sms_phase_send
 .text.gsm_sms_reciv
                0x08006ca8      0xd34 user\user\gsm\gsm_sms\gsm_sms.o
                0x08006ca8                gsm_sms_reciv
 .text.gsm_sms_process
                0x080079dc       0x50 user\user\gsm\gsm_sms\gsm_sms.o
                0x080079dc                gsm_sms_process
 .text.gsm_sms_set_target
                0x08007a2c       0xe0 user\user\gsm\gsm_sms\gsm_sms.o
                0x08007a2c                gsm_sms_set_target
 .text.at_parser_line
                0x08007b0c      0x8bc user\user\gsm\urc\urc.o
                0x08007b0c                at_parser_line
 .text.atoi     0x080083c8        0x8 c:/program files (x86)/atollic/truestudio for stm32 9.3.0/armtools/bin/../lib/gcc/arm-atollic-eabi/6.3.1/../../../../arm-atollic-eabi/lib/armv7-m\libc.a(lib_a-atoi.o)
                0x080083c8                atoi
 .text.__libc_init_array
                0x080083d0       0x48 c:/program files (x86)/atollic/truestudio for stm32 9.3.0/armtools/bin/../lib/gcc/arm-atollic-eabi/6.3.1/../../../../arm-atollic-eabi/lib/armv7-m\libc.a(lib_a-init.o)
                0x080083d0                __libc_init_array
 .text.memcpy   0x08008418       0x16 c:/program files (x86)/atollic/truestudio for stm32 9.3.0/armtools/bin/../lib/gcc/arm-atollic-eabi/6.3.1/../../../../arm-atollic-eabi/lib/armv7-m\libc.a(lib_a-memcpy-stub.o)
                0x08008418                memcpy
 .text.memset   0x0800842e       0x10 c:/program files (x86)/atollic/truestudio for stm32 9.3.0/armtools/bin/../lib/gcc/arm-atollic-eabi/6.3.1/../../../../arm-atollic-eabi/lib/armv7-m\libc.a(lib_a-memset.o)
                0x0800842e                memset
 *fill*         0x0800843e        0x2 
 .text.snprintf
                0x08008440       0x68 c:/program files (x86)/atollic/truestudio for stm32 9.3.0/armtools/bin/../lib/gcc/arm-atollic-eabi/6.3.1/../../../../arm-atollic-eabi/lib/armv7-m\libc.a(lib_a-snprintf.o)
                0x08008440                snprintf
 .text.sscanf   0x080084a8       0x54 c:/program files (x86)/atollic/truestudio for stm32 9.3.0/armtools/bin/../lib/gcc/arm-atollic-eabi/6.3.1/../../../../arm-atollic-eabi/lib/armv7-m\libc.a(lib_a-sscanf.o)
                0x080084a8                sscanf
 .text.__seofread
                0x080084fc        0x4 c:/program files (x86)/atollic/truestudio for stm32 9.3.0/armtools/bin/../lib/gcc/arm-atollic-eabi/6.3.1/../../../../arm-atollic-eabi/lib/armv7-m\libc.a(lib_a-stdio.o)
                0x080084fc                __seofread
 .text.strchr   0x08008500       0x1c c:/program files (x86)/atollic/truestudio for stm32 9.3.0/armtools/bin/../lib/gcc/arm-atollic-eabi/6.3.1/../../../../arm-atollic-eabi/lib/armv7-m\libc.a(lib_a-strchr.o)
                0x08008500                strchr
 .text.strncmp  0x0800851c       0x24 c:/program files (x86)/atollic/truestudio for stm32 9.3.0/armtools/bin/../lib/gcc/arm-atollic-eabi/6.3.1/../../../../arm-atollic-eabi/lib/armv7-m\libc.a(lib_a-strncmp.o)
                0x0800851c                strncmp
 .text.strncpy  0x08008540       0x2a c:/program files (x86)/atollic/truestudio for stm32 9.3.0/armtools/bin/../lib/gcc/arm-atollic-eabi/6.3.1/../../../../arm-atollic-eabi/lib/armv7-m\libc.a(lib_a-strncpy.o)
                0x08008540                strncpy
 .text.strstr   0x0800856a       0x36 c:/program files (x86)/atollic/truestudio for stm32 9.3.0/armtools/bin/../lib/gcc/arm-atollic-eabi/6.3.1/../../../../arm-atollic-eabi/lib/armv7-m\libc.a(lib_a-strstr.o)
                0x0800856a                strstr
 .text._strtol_l.isra.0
                0x080085a0      0x100 c:/program files (x86)/atollic/truestudio for stm32 9.3.0/armtools/bin/../lib/gcc/arm-atollic-eabi/6.3.1/../../../../arm-atollic-eabi/lib/armv7-m\libc.a(lib_a-strtol.o)
 .text._strtol_r
                0x080086a0       0x24 c:/program files (x86)/atollic/truestudio for stm32 9.3.0/armtools/bin/../lib/gcc/arm-atollic-eabi/6.3.1/../../../../arm-atollic-eabi/lib/armv7-m\libc.a(lib_a-strtol.o)
                0x080086a0                _strtol_r
 .text.strtol   0x080086c4       0x2c c:/program files (x86)/atollic/truestudio for stm32 9.3.0/armtools/bin/../lib/gcc/arm-atollic-eabi/6.3.1/../../../../arm-atollic-eabi/lib/armv7-m\libc.a(lib_a-strtol.o)
                0x080086c4                strtol
 .text._svfprintf_r
                0x080086f0      0xfa0 c:/program files (x86)/atollic/truestudio for stm32 9.3.0/armtools/bin/../lib/gcc/arm-atollic-eabi/6.3.1/../../../../arm-atollic-eabi/lib/armv7-m\libc.a(lib_a-svfprintf.o)
                0x080086f0                _svfprintf_r
 .text.__ssvfscanf_r
                0x08009690      0xadc c:/program files (x86)/atollic/truestudio for stm32 9.3.0/armtools/bin/../lib/gcc/arm-atollic-eabi/6.3.1/../../../../arm-atollic-eabi/lib/armv7-m\libc.a(lib_a-svfscanf.o)
                0x08009690                __ssvfscanf_r
 .text.quorem   0x0800a16c      0x118 c:/program files (x86)/atollic/truestudio for stm32 9.3.0/armtools/bin/../lib/gcc/arm-atollic-eabi/6.3.1/../../../../arm-atollic-eabi/lib/armv7-m\libc.a(lib_a-dtoa.o)
 *fill*         0x0800a284        0x4 
 .text._dtoa_r  0x0800a288      0xba8 c:/program files (x86)/atollic/truestudio for stm32 9.3.0/armtools/bin/../lib/gcc/arm-atollic-eabi/6.3.1/../../../../arm-atollic-eabi/lib/armv7-m\libc.a(lib_a-dtoa.o)
                0x0800a288                _dtoa_r
 .text.iswspace
                0x0800ae30       0x1a c:/program files (x86)/atollic/truestudio for stm32 9.3.0/armtools/bin/../lib/gcc/arm-atollic-eabi/6.3.1/../../../../arm-atollic-eabi/lib/armv7-m\libc.a(lib_a-iswspace.o)
                0x0800ae30                iswspace
 *fill*         0x0800ae4a        0x2 
 .text.__locale_mb_cur_max
                0x0800ae4c       0x1c c:/program files (x86)/atollic/truestudio for stm32 9.3.0/armtools/bin/../lib/gcc/arm-atollic-eabi/6.3.1/../../../../arm-atollic-eabi/lib/armv7-m\libc.a(lib_a-locale.o)
                0x0800ae4c                __locale_mb_cur_max
 .text.__locale_ctype_ptr_l
                0x0800ae68        0x6 c:/program files (x86)/atollic/truestudio for stm32 9.3.0/armtools/bin/../lib/gcc/arm-atollic-eabi/6.3.1/../../../../arm-atollic-eabi/lib/armv7-m\libc.a(lib_a-locale.o)
                0x0800ae68                __locale_ctype_ptr_l
 *fill*         0x0800ae6e        0x2 
 .text.__locale_ctype_ptr
                0x0800ae70       0x1c c:/program files (x86)/atollic/truestudio for stm32 9.3.0/armtools/bin/../lib/gcc/arm-atollic-eabi/6.3.1/../../../../arm-atollic-eabi/lib/armv7-m\libc.a(lib_a-locale.o)
                0x0800ae70                __locale_ctype_ptr
 .text.__localeconv_l
                0x0800ae8c        0x4 c:/program files (x86)/atollic/truestudio for stm32 9.3.0/armtools/bin/../lib/gcc/arm-atollic-eabi/6.3.1/../../../../arm-atollic-eabi/lib/armv7-m\libc.a(lib_a-localeconv.o)
                0x0800ae8c                __localeconv_l
 .text._localeconv_r
                0x0800ae90       0x1c c:/program files (x86)/atollic/truestudio for stm32 9.3.0/armtools/bin/../lib/gcc/arm-atollic-eabi/6.3.1/../../../../arm-atollic-eabi/lib/armv7-m\libc.a(lib_a-localeconv.o)
                0x0800ae90                _localeconv_r
 .text.malloc   0x0800aeac       0x10 c:/program files (x86)/atollic/truestudio for stm32 9.3.0/armtools/bin/../lib/gcc/arm-atollic-eabi/6.3.1/../../../../arm-atollic-eabi/lib/armv7-m\libc.a(lib_a-malloc.o)
                0x0800aeac                malloc
 .text._malloc_r
                0x0800aebc      0x418 c:/program files (x86)/atollic/truestudio for stm32 9.3.0/armtools/bin/../lib/gcc/arm-atollic-eabi/6.3.1/../../../../arm-atollic-eabi/lib/armv7-m\libc.a(lib_a-mallocr.o)
                0x0800aebc                _malloc_r
 .text._mbrtowc_r
                0x0800b2d4       0x58 c:/program files (x86)/atollic/truestudio for stm32 9.3.0/armtools/bin/../lib/gcc/arm-atollic-eabi/6.3.1/../../../../arm-atollic-eabi/lib/armv7-m\libc.a(lib_a-mbrtowc.o)
                0x0800b2d4                _mbrtowc_r
 .text.__ascii_mbtowc
                0x0800b32c       0x24 c:/program files (x86)/atollic/truestudio for stm32 9.3.0/armtools/bin/../lib/gcc/arm-atollic-eabi/6.3.1/../../../../arm-atollic-eabi/lib/armv7-m\libc.a(lib_a-mbtowc_r.o)
                0x0800b32c                __ascii_mbtowc
 .text.memchr   0x0800b350       0x1c c:/program files (x86)/atollic/truestudio for stm32 9.3.0/armtools/bin/../lib/gcc/arm-atollic-eabi/6.3.1/../../../../arm-atollic-eabi/lib/armv7-m\libc.a(lib_a-memchr-stub.o)
                0x0800b350                memchr
 .text.__malloc_lock
                0x0800b36c        0xc c:/program files (x86)/atollic/truestudio for stm32 9.3.0/armtools/bin/../lib/gcc/arm-atollic-eabi/6.3.1/../../../../arm-atollic-eabi/lib/armv7-m\libc.a(lib_a-mlock.o)
                0x0800b36c                __malloc_lock
 .text.__malloc_unlock
                0x0800b378        0xc c:/program files (x86)/atollic/truestudio for stm32 9.3.0/armtools/bin/../lib/gcc/arm-atollic-eabi/6.3.1/../../../../arm-atollic-eabi/lib/armv7-m\libc.a(lib_a-mlock.o)
                0x0800b378                __malloc_unlock
 .text._Balloc  0x0800b384       0x68 c:/program files (x86)/atollic/truestudio for stm32 9.3.0/armtools/bin/../lib/gcc/arm-atollic-eabi/6.3.1/../../../../arm-atollic-eabi/lib/armv7-m\libc.a(lib_a-mprec.o)
                0x0800b384                _Balloc
 .text._Bfree   0x0800b3ec       0x2e c:/program files (x86)/atollic/truestudio for stm32 9.3.0/armtools/bin/../lib/gcc/arm-atollic-eabi/6.3.1/../../../../arm-atollic-eabi/lib/armv7-m\libc.a(lib_a-mprec.o)
                0x0800b3ec                _Bfree
 .text.__multadd
                0x0800b41a       0x76 c:/program files (x86)/atollic/truestudio for stm32 9.3.0/armtools/bin/../lib/gcc/arm-atollic-eabi/6.3.1/../../../../arm-atollic-eabi/lib/armv7-m\libc.a(lib_a-mprec.o)
                0x0800b41a                __multadd
 .text.__s2b    0x0800b490       0x7c c:/program files (x86)/atollic/truestudio for stm32 9.3.0/armtools/bin/../lib/gcc/arm-atollic-eabi/6.3.1/../../../../arm-atollic-eabi/lib/armv7-m\libc.a(lib_a-mprec.o)
                0x0800b490                __s2b
 .text.__hi0bits
                0x0800b50c       0x3e c:/program files (x86)/atollic/truestudio for stm32 9.3.0/armtools/bin/../lib/gcc/arm-atollic-eabi/6.3.1/../../../../arm-atollic-eabi/lib/armv7-m\libc.a(lib_a-mprec.o)
                0x0800b50c                __hi0bits
 .text.__lo0bits
                0x0800b54a       0x5e c:/program files (x86)/atollic/truestudio for stm32 9.3.0/armtools/bin/../lib/gcc/arm-atollic-eabi/6.3.1/../../../../arm-atollic-eabi/lib/armv7-m\libc.a(lib_a-mprec.o)
                0x0800b54a                __lo0bits
 .text.__i2b    0x0800b5a8       0x12 c:/program files (x86)/atollic/truestudio for stm32 9.3.0/armtools/bin/../lib/gcc/arm-atollic-eabi/6.3.1/../../../../arm-atollic-eabi/lib/armv7-m\libc.a(lib_a-mprec.o)
                0x0800b5a8                __i2b
 .text.__multiply
                0x0800b5ba      0x118 c:/program files (x86)/atollic/truestudio for stm32 9.3.0/armtools/bin/../lib/gcc/arm-atollic-eabi/6.3.1/../../../../arm-atollic-eabi/lib/armv7-m\libc.a(lib_a-mprec.o)
                0x0800b5ba                __multiply
 *fill*         0x0800b6d2        0x2 
 .text.__pow5mult
                0x0800b6d4       0x9c c:/program files (x86)/atollic/truestudio for stm32 9.3.0/armtools/bin/../lib/gcc/arm-atollic-eabi/6.3.1/../../../../arm-atollic-eabi/lib/armv7-m\libc.a(lib_a-mprec.o)
                0x0800b6d4                __pow5mult
 .text.__lshift
                0x0800b770       0xa2 c:/program files (x86)/atollic/truestudio for stm32 9.3.0/armtools/bin/../lib/gcc/arm-atollic-eabi/6.3.1/../../../../arm-atollic-eabi/lib/armv7-m\libc.a(lib_a-mprec.o)
                0x0800b770                __lshift
 .text.__mcmp   0x0800b812       0x34 c:/program files (x86)/atollic/truestudio for stm32 9.3.0/armtools/bin/../lib/gcc/arm-atollic-eabi/6.3.1/../../../../arm-atollic-eabi/lib/armv7-m\libc.a(lib_a-mprec.o)
                0x0800b812                __mcmp
 .text.__mdiff  0x0800b846       0xbe c:/program files (x86)/atollic/truestudio for stm32 9.3.0/armtools/bin/../lib/gcc/arm-atollic-eabi/6.3.1/../../../../arm-atollic-eabi/lib/armv7-m\libc.a(lib_a-mprec.o)
                0x0800b846                __mdiff
 .text.__ulp    0x0800b904       0x48 c:/program files (x86)/atollic/truestudio for stm32 9.3.0/armtools/bin/../lib/gcc/arm-atollic-eabi/6.3.1/../../../../arm-atollic-eabi/lib/armv7-m\libc.a(lib_a-mprec.o)
                0x0800b904                __ulp
 .text.__b2d    0x0800b94c       0xa4 c:/program files (x86)/atollic/truestudio for stm32 9.3.0/armtools/bin/../lib/gcc/arm-atollic-eabi/6.3.1/../../../../arm-atollic-eabi/lib/armv7-m\libc.a(lib_a-mprec.o)
                0x0800b94c                __b2d
 .text.__d2b    0x0800b9f0       0x9e c:/program files (x86)/atollic/truestudio for stm32 9.3.0/armtools/bin/../lib/gcc/arm-atollic-eabi/6.3.1/../../../../arm-atollic-eabi/lib/armv7-m\libc.a(lib_a-mprec.o)
                0x0800b9f0                __d2b
 .text.__ratio  0x0800ba8e       0x50 c:/program files (x86)/atollic/truestudio for stm32 9.3.0/armtools/bin/../lib/gcc/arm-atollic-eabi/6.3.1/../../../../arm-atollic-eabi/lib/armv7-m\libc.a(lib_a-mprec.o)
                0x0800ba8e                __ratio
 .text.__copybits
                0x0800bade       0x34 c:/program files (x86)/atollic/truestudio for stm32 9.3.0/armtools/bin/../lib/gcc/arm-atollic-eabi/6.3.1/../../../../arm-atollic-eabi/lib/armv7-m\libc.a(lib_a-mprec.o)
                0x0800bade                __copybits
 .text.__any_on
                0x0800bb12       0x42 c:/program files (x86)/atollic/truestudio for stm32 9.3.0/armtools/bin/../lib/gcc/arm-atollic-eabi/6.3.1/../../../../arm-atollic-eabi/lib/armv7-m\libc.a(lib_a-mprec.o)
                0x0800bb12                __any_on
 .text._sbrk_r  0x0800bb54       0x20 c:/program files (x86)/atollic/truestudio for stm32 9.3.0/armtools/bin/../lib/gcc/arm-atollic-eabi/6.3.1/../../../../arm-atollic-eabi/lib/armv7-m\libc.a(lib_a-sbrkr.o)
                0x0800bb54                _sbrk_r
 .text.__sccl   0x0800bb74       0x5e c:/program files (x86)/atollic/truestudio for stm32 9.3.0/armtools/bin/../lib/gcc/arm-atollic-eabi/6.3.1/../../../../arm-atollic-eabi/lib/armv7-m\libc.a(lib_a-sccl.o)
                0x0800bb74                __sccl
 *fill*         0x0800bbd2        0x2 
 .text.nanf     0x0800bbd4        0x8 c:/program files (x86)/atollic/truestudio for stm32 9.3.0/armtools/bin/../lib/gcc/arm-atollic-eabi/6.3.1/../../../../arm-atollic-eabi/lib/armv7-m\libc.a(lib_a-sf_nan.o)
                0x0800bbd4                nanf
 .text.unlikely.sulp
                0x0800bbdc       0x42 c:/program files (x86)/atollic/truestudio for stm32 9.3.0/armtools/bin/../lib/gcc/arm-atollic-eabi/6.3.1/../../../../arm-atollic-eabi/lib/armv7-m\libc.a(lib_a-strtod.o)
 *fill*         0x0800bc1e        0x2 
 .text._strtod_l
                0x0800bc20      0xbf0 c:/program files (x86)/atollic/truestudio for stm32 9.3.0/armtools/bin/../lib/gcc/arm-atollic-eabi/6.3.1/../../../../arm-atollic-eabi/lib/armv7-m\libc.a(lib_a-strtod.o)
                0x0800bc20                _strtod_l
 .text._strtod_r
                0x0800c810       0x20 c:/program files (x86)/atollic/truestudio for stm32 9.3.0/armtools/bin/../lib/gcc/arm-atollic-eabi/6.3.1/../../../../arm-atollic-eabi/lib/armv7-m\libc.a(lib_a-strtod.o)
                0x0800c810                _strtod_r
 .text._strtoll_l.isra.0
                0x0800c830      0x148 c:/program files (x86)/atollic/truestudio for stm32 9.3.0/armtools/bin/../lib/gcc/arm-atollic-eabi/6.3.1/../../../../arm-atollic-eabi/lib/armv7-m\libc.a(lib_a-strtoll.o)
 .text._strtoll_r
                0x0800c978       0x24 c:/program files (x86)/atollic/truestudio for stm32 9.3.0/armtools/bin/../lib/gcc/arm-atollic-eabi/6.3.1/../../../../arm-atollic-eabi/lib/armv7-m\libc.a(lib_a-strtoll.o)
                0x0800c978                _strtoll_r
 .text._strtoul_l.isra.0
                0x0800c99c       0xfa c:/program files (x86)/atollic/truestudio for stm32 9.3.0/armtools/bin/../lib/gcc/arm-atollic-eabi/6.3.1/../../../../arm-atollic-eabi/lib/armv7-m\libc.a(lib_a-strtoul.o)
 *fill*         0x0800ca96        0x2 
 .text._strtoul_r
                0x0800ca98       0x24 c:/program files (x86)/atollic/truestudio for stm32 9.3.0/armtools/bin/../lib/gcc/arm-atollic-eabi/6.3.1/../../../../arm-atollic-eabi/lib/armv7-m\libc.a(lib_a-strtoul.o)
                0x0800ca98                _strtoul_r
 .text._strtoull_l.isra.0
                0x0800cabc      0x140 c:/program files (x86)/atollic/truestudio for stm32 9.3.0/armtools/bin/../lib/gcc/arm-atollic-eabi/6.3.1/../../../../arm-atollic-eabi/lib/armv7-m\libc.a(lib_a-strtoull.o)
 .text._strtoull_r
                0x0800cbfc       0x24 c:/program files (x86)/atollic/truestudio for stm32 9.3.0/armtools/bin/../lib/gcc/arm-atollic-eabi/6.3.1/../../../../arm-atollic-eabi/lib/armv7-m\libc.a(lib_a-strtoull.o)
                0x0800cbfc                _strtoull_r
 .text.__ssprint_r
                0x0800cc20       0xf4 c:/program files (x86)/atollic/truestudio for stm32 9.3.0/armtools/bin/../lib/gcc/arm-atollic-eabi/6.3.1/../../../../arm-atollic-eabi/lib/armv7-m\libc.a(lib_a-svfiprintf.o)
                0x0800cc20                __ssprint_r
 .text._sungetc_r
                0x0800cd14       0x7a c:/program files (x86)/atollic/truestudio for stm32 9.3.0/armtools/bin/../lib/gcc/arm-atollic-eabi/6.3.1/../../../../arm-atollic-eabi/lib/armv7-m\libc.a(lib_a-svfiscanf.o)
                0x0800cd14                _sungetc_r
 .text.__ssrefill_r
                0x0800cd8e       0x3a c:/program files (x86)/atollic/truestudio for stm32 9.3.0/armtools/bin/../lib/gcc/arm-atollic-eabi/6.3.1/../../../../arm-atollic-eabi/lib/armv7-m\libc.a(lib_a-svfiscanf.o)
                0x0800cd8e                __ssrefill_r
 .text._sfread_r
                0x0800cdc8       0x6e c:/program files (x86)/atollic/truestudio for stm32 9.3.0/armtools/bin/../lib/gcc/arm-atollic-eabi/6.3.1/../../../../arm-atollic-eabi/lib/armv7-m\libc.a(lib_a-svfiscanf.o)
                0x0800cdc8                _sfread_r
 .text.__submore
                0x0800ce36       0x72 c:/program files (x86)/atollic/truestudio for stm32 9.3.0/armtools/bin/../lib/gcc/arm-atollic-eabi/6.3.1/../../../../arm-atollic-eabi/lib/armv7-m\libc.a(lib_a-ungetc.o)
                0x0800ce36                __submore
 .text.__ascii_wctomb
                0x0800cea8       0x1a c:/program files (x86)/atollic/truestudio for stm32 9.3.0/armtools/bin/../lib/gcc/arm-atollic-eabi/6.3.1/../../../../arm-atollic-eabi/lib/armv7-m\libc.a(lib_a-wctomb_r.o)
                0x0800cea8                __ascii_wctomb
 .text._calloc_r
                0x0800cec2       0x5a c:/program files (x86)/atollic/truestudio for stm32 9.3.0/armtools/bin/../lib/gcc/arm-atollic-eabi/6.3.1/../../../../arm-atollic-eabi/lib/armv7-m\libc.a(lib_a-callocr.o)
                0x0800cec2                _calloc_r
 .text._malloc_trim_r
                0x0800cf1c       0xac c:/program files (x86)/atollic/truestudio for stm32 9.3.0/armtools/bin/../lib/gcc/arm-atollic-eabi/6.3.1/../../../../arm-atollic-eabi/lib/armv7-m\libc.a(lib_a-freer.o)
                0x0800cf1c                _malloc_trim_r
 .text._free_r  0x0800cfc8      0x178 c:/program files (x86)/atollic/truestudio for stm32 9.3.0/armtools/bin/../lib/gcc/arm-atollic-eabi/6.3.1/../../../../arm-atollic-eabi/lib/armv7-m\libc.a(lib_a-freer.o)
                0x0800cfc8                _free_r
 .text.rshift   0x0800d140       0x6a c:/program files (x86)/atollic/truestudio for stm32 9.3.0/armtools/bin/../lib/gcc/arm-atollic-eabi/6.3.1/../../../../arm-atollic-eabi/lib/armv7-m\libc.a(lib_a-gdtoa-gethex.o)
 .text.__hexdig_fun
                0x0800d1aa       0x2a c:/program files (x86)/atollic/truestudio for stm32 9.3.0/armtools/bin/../lib/gcc/arm-atollic-eabi/6.3.1/../../../../arm-atollic-eabi/lib/armv7-m\libc.a(lib_a-gdtoa-gethex.o)
                0x0800d1aa                __hexdig_fun
 .text.__gethex
                0x0800d1d4      0x43e c:/program files (x86)/atollic/truestudio for stm32 9.3.0/armtools/bin/../lib/gcc/arm-atollic-eabi/6.3.1/../../../../arm-atollic-eabi/lib/armv7-m\libc.a(lib_a-gdtoa-gethex.o)
                0x0800d1d4                __gethex
 .text.L_shift  0x0800d612       0x24 c:/program files (x86)/atollic/truestudio for stm32 9.3.0/armtools/bin/../lib/gcc/arm-atollic-eabi/6.3.1/../../../../arm-atollic-eabi/lib/armv7-m\libc.a(lib_a-gdtoa-hexnan.o)
 .text.__match  0x0800d636       0x26 c:/program files (x86)/atollic/truestudio for stm32 9.3.0/armtools/bin/../lib/gcc/arm-atollic-eabi/6.3.1/../../../../arm-atollic-eabi/lib/armv7-m\libc.a(lib_a-gdtoa-hexnan.o)
                0x0800d636                __match
 .text.__hexnan
                0x0800d65c      0x120 c:/program files (x86)/atollic/truestudio for stm32 9.3.0/armtools/bin/../lib/gcc/arm-atollic-eabi/6.3.1/../../../../arm-atollic-eabi/lib/armv7-m\libc.a(lib_a-gdtoa-hexnan.o)
                0x0800d65c                __hexnan
 .text.__retarget_lock_acquire_recursive
                0x0800d77c        0x2 c:/program files (x86)/atollic/truestudio for stm32 9.3.0/armtools/bin/../lib/gcc/arm-atollic-eabi/6.3.1/../../../../arm-atollic-eabi/lib/armv7-m\libc.a(lib_a-lock.o)
                0x0800d77c                __retarget_lock_acquire_recursive
 .text.__retarget_lock_release_recursive
                0x0800d77e        0x2 c:/program files (x86)/atollic/truestudio for stm32 9.3.0/armtools/bin/../lib/gcc/arm-atollic-eabi/6.3.1/../../../../arm-atollic-eabi/lib/armv7-m\libc.a(lib_a-lock.o)
                0x0800d77e                __retarget_lock_release_recursive
 .text.memmove  0x0800d780       0x34 c:/program files (x86)/atollic/truestudio for stm32 9.3.0/armtools/bin/../lib/gcc/arm-atollic-eabi/6.3.1/../../../../arm-atollic-eabi/lib/armv7-m\libc.a(lib_a-memmove.o)
                0x0800d780                memmove
 .text._realloc_r
                0x0800d7b4      0x304 c:/program files (x86)/atollic/truestudio for stm32 9.3.0/armtools/bin/../lib/gcc/arm-atollic-eabi/6.3.1/../../../../arm-atollic-eabi/lib/armv7-m\libc.a(lib_a-reallocr.o)
                0x0800d7b4                _realloc_r
 .text._sbrk    0x0800dab8       0x1c c:/program files (x86)/atollic/truestudio for stm32 9.3.0/armtools/bin/../lib/gcc/arm-atollic-eabi/6.3.1/../../../../arm-atollic-eabi/lib/armv7-m\libnosys.a(sbrk.o)
                0x0800dab8                _sbrk
 *(.glue_7)
 .glue_7        0x0800dad4        0x0 linker stubs
 *(.glue_7t)
 .glue_7t       0x0800dad4        0x0 linker stubs
 *(.eh_frame)
 .eh_frame      0x0800dad4        0x0 c:/program files (x86)/atollic/truestudio for stm32 9.3.0/armtools/bin/../lib/gcc/arm-atollic-eabi/6.3.1/armv7-m/crtbegin.o
 *(.init)
 .init          0x0800dad4        0x4 c:/program files (x86)/atollic/truestudio for stm32 9.3.0/armtools/bin/../lib/gcc/arm-atollic-eabi/6.3.1/armv7-m/crti.o
                0x0800dad4                _init
 .init          0x0800dad8        0x8 c:/program files (x86)/atollic/truestudio for stm32 9.3.0/armtools/bin/../lib/gcc/arm-atollic-eabi/6.3.1/armv7-m/crtn.o
 *(.fini)
 .fini          0x0800dae0        0x4 c:/program files (x86)/atollic/truestudio for stm32 9.3.0/armtools/bin/../lib/gcc/arm-atollic-eabi/6.3.1/armv7-m/crti.o
                0x0800dae0                _fini
 .fini          0x0800dae4        0x8 c:/program files (x86)/atollic/truestudio for stm32 9.3.0/armtools/bin/../lib/gcc/arm-atollic-eabi/6.3.1/armv7-m/crtn.o
                0x0800daec                . = ALIGN (0x4)
                0x0800daec                _etext = .

.vfp11_veneer   0x0800daec        0x0
 .vfp11_veneer  0x0800daec        0x0 linker stubs

.v4_bx          0x0800daec        0x0
 .v4_bx         0x0800daec        0x0 linker stubs

.iplt           0x0800daec        0x0
 .iplt          0x0800daec        0x0 c:/program files (x86)/atollic/truestudio for stm32 9.3.0/armtools/bin/../lib/gcc/arm-atollic-eabi/6.3.1/armv7-m/crtbegin.o

.rodata         0x0800daf0     0x1a6c
                0x0800daf0                . = ALIGN (0x4)
 *(.rodata)
 .rodata        0x0800daf0        0x3 user\user\gsm\gsm.o
 *fill*         0x0800daf3        0x1 
 .rodata        0x0800daf4      0x141 user\user\gsm\gsm_app\gsm_app.o
 *fill*         0x0800dc35        0x3 
 .rodata        0x0800dc38      0xbe4 user\user\gsm\gsm_mqtt\gsm_mqtt.o
 .rodata        0x0800e81c      0x3dd user\user\gsm\gsm_nw\gsm_nw.o
 *fill*         0x0800ebf9        0x3 
 .rodata        0x0800ebfc      0x481 user\user\gsm\gsm_sms\gsm_sms.o
 *fill*         0x0800f07d        0x3 
 .rodata        0x0800f080      0x131 user\user\gsm\urc\urc.o
 *(.rodata*)
 *fill*         0x0800f1b1        0x3 
 .rodata.apn_table
                0x0800f1b4       0x60 user\user\gsm\gsm_nw\gsm_nw.o
                0x0800f1b4                apn_table
 .rodata._svfprintf_r.str1.1
                0x0800f214       0x34 c:/program files (x86)/atollic/truestudio for stm32 9.3.0/armtools/bin/../lib/gcc/arm-atollic-eabi/6.3.1/../../../../arm-atollic-eabi/lib/armv7-m\libc.a(lib_a-svfprintf.o)
 .rodata.blanks.7236
                0x0800f248       0x10 c:/program files (x86)/atollic/truestudio for stm32 9.3.0/armtools/bin/../lib/gcc/arm-atollic-eabi/6.3.1/../../../../arm-atollic-eabi/lib/armv7-m\libc.a(lib_a-svfprintf.o)
 .rodata.zeroes.7237
                0x0800f258       0x10 c:/program files (x86)/atollic/truestudio for stm32 9.3.0/armtools/bin/../lib/gcc/arm-atollic-eabi/6.3.1/../../../../arm-atollic-eabi/lib/armv7-m\libc.a(lib_a-svfprintf.o)
 .rodata.__ssvfscanf_r.str1.1
                0x0800f268        0x5 c:/program files (x86)/atollic/truestudio for stm32 9.3.0/armtools/bin/../lib/gcc/arm-atollic-eabi/6.3.1/../../../../arm-atollic-eabi/lib/armv7-m\libc.a(lib_a-svfscanf.o)
 *fill*         0x0800f26d        0x1 
 .rodata.basefix.7307
                0x0800f26e       0x22 c:/program files (x86)/atollic/truestudio for stm32 9.3.0/armtools/bin/../lib/gcc/arm-atollic-eabi/6.3.1/../../../../arm-atollic-eabi/lib/armv7-m\libc.a(lib_a-svfscanf.o)
 .rodata._dtoa_r.str1.1
                0x0800f290        0xd c:/program files (x86)/atollic/truestudio for stm32 9.3.0/armtools/bin/../lib/gcc/arm-atollic-eabi/6.3.1/../../../../arm-atollic-eabi/lib/armv7-m\libc.a(lib_a-dtoa.o)
                                  0xf (size before relaxing)
 .rodata._setlocale_r.str1.1
                0x0800f29d        0x8 c:/program files (x86)/atollic/truestudio for stm32 9.3.0/armtools/bin/../lib/gcc/arm-atollic-eabi/6.3.1/../../../../arm-atollic-eabi/lib/armv7-m\libc.a(lib_a-locale.o)
                                  0x9 (size before relaxing)
 .rodata.str1.1
                0x0800f2a5        0x2 c:/program files (x86)/atollic/truestudio for stm32 9.3.0/armtools/bin/../lib/gcc/arm-atollic-eabi/6.3.1/../../../../arm-atollic-eabi/lib/armv7-m\libc.a(lib_a-locale.o)
 .rodata._mbrtowc_r.str1.1
                0x0800f2a7        0x1 c:/program files (x86)/atollic/truestudio for stm32 9.3.0/armtools/bin/../lib/gcc/arm-atollic-eabi/6.3.1/../../../../arm-atollic-eabi/lib/armv7-m\libc.a(lib_a-mbrtowc.o)
 *fill*         0x0800f2a7        0x1 
 .rodata.__mprec_bigtens
                0x0800f2a8       0x28 c:/program files (x86)/atollic/truestudio for stm32 9.3.0/armtools/bin/../lib/gcc/arm-atollic-eabi/6.3.1/../../../../arm-atollic-eabi/lib/armv7-m\libc.a(lib_a-mprec.o)
                0x0800f2a8                __mprec_bigtens
 .rodata.__mprec_tens
                0x0800f2d0       0xc8 c:/program files (x86)/atollic/truestudio for stm32 9.3.0/armtools/bin/../lib/gcc/arm-atollic-eabi/6.3.1/../../../../arm-atollic-eabi/lib/armv7-m\libc.a(lib_a-mprec.o)
                0x0800f2d0                __mprec_tens
 .rodata.p05.6073
                0x0800f398        0xc c:/program files (x86)/atollic/truestudio for stm32 9.3.0/armtools/bin/../lib/gcc/arm-atollic-eabi/6.3.1/../../../../arm-atollic-eabi/lib/armv7-m\libc.a(lib_a-mprec.o)
 .rodata._strtod_l.str1.1
                0x0800f3a4        0x2 c:/program files (x86)/atollic/truestudio for stm32 9.3.0/armtools/bin/../lib/gcc/arm-atollic-eabi/6.3.1/../../../../arm-atollic-eabi/lib/armv7-m\libc.a(lib_a-strtod.o)
                                  0xc (size before relaxing)
 .rodata.fpi.6155
                0x0800f3a4       0x14 c:/program files (x86)/atollic/truestudio for stm32 9.3.0/armtools/bin/../lib/gcc/arm-atollic-eabi/6.3.1/../../../../arm-atollic-eabi/lib/armv7-m\libc.a(lib_a-strtod.o)
 .rodata.fpinan.6191
                0x0800f3b8       0x14 c:/program files (x86)/atollic/truestudio for stm32 9.3.0/armtools/bin/../lib/gcc/arm-atollic-eabi/6.3.1/../../../../arm-atollic-eabi/lib/armv7-m\libc.a(lib_a-strtod.o)
 *fill*         0x0800f3cc        0x4 
 .rodata.tinytens
                0x0800f3d0       0x28 c:/program files (x86)/atollic/truestudio for stm32 9.3.0/armtools/bin/../lib/gcc/arm-atollic-eabi/6.3.1/../../../../arm-atollic-eabi/lib/armv7-m\libc.a(lib_a-strtod.o)
 .rodata._ctype_
                0x0800f3f8      0x101 c:/program files (x86)/atollic/truestudio for stm32 9.3.0/armtools/bin/../lib/gcc/arm-atollic-eabi/6.3.1/../../../../arm-atollic-eabi/lib/armv7-m\libc.a(lib_a-ctype_.o)
                0x0800f3f8                _ctype_
 *fill*         0x0800f4f9        0x3 
 .rodata.__sf_fake_stderr
                0x0800f4fc       0x20 c:/program files (x86)/atollic/truestudio for stm32 9.3.0/armtools/bin/../lib/gcc/arm-atollic-eabi/6.3.1/../../../../arm-atollic-eabi/lib/armv7-m\libc.a(lib_a-findfp.o)
                0x0800f4fc                __sf_fake_stderr
 .rodata.__sf_fake_stdin
                0x0800f51c       0x20 c:/program files (x86)/atollic/truestudio for stm32 9.3.0/armtools/bin/../lib/gcc/arm-atollic-eabi/6.3.1/../../../../arm-atollic-eabi/lib/armv7-m\libc.a(lib_a-findfp.o)
                0x0800f51c                __sf_fake_stdin
 .rodata.__sf_fake_stdout
                0x0800f53c       0x20 c:/program files (x86)/atollic/truestudio for stm32 9.3.0/armtools/bin/../lib/gcc/arm-atollic-eabi/6.3.1/../../../../arm-atollic-eabi/lib/armv7-m\libc.a(lib_a-findfp.o)
                0x0800f53c                __sf_fake_stdout
                0x0800f55c                . = ALIGN (0x4)

.ARM.extab
 *(.ARM.extab* .gnu.linkonce.armextab.*)

.ARM            0x0800f55c        0x8
                0x0800f55c                __exidx_start = .
 *(.ARM.exidx*)
 .ARM.exidx     0x0800f55c        0x8 c:/program files (x86)/atollic/truestudio for stm32 9.3.0/armtools/bin/../lib/gcc/arm-atollic-eabi/6.3.1/armv7-m\libgcc.a(_udivmoddi4.o)
                0x0800f564                __exidx_end = .

.rel.dyn        0x0800f564        0x0
 .rel.iplt      0x0800f564        0x0 c:/program files (x86)/atollic/truestudio for stm32 9.3.0/armtools/bin/../lib/gcc/arm-atollic-eabi/6.3.1/armv7-m/crtbegin.o

.preinit_array  0x0800f564        0x0
                0x0800f564                PROVIDE (__preinit_array_start, .)
 *(.preinit_array*)
                0x0800f564                PROVIDE (__preinit_array_end, .)

.init_array     0x0800f564        0x4
                0x0800f564                PROVIDE (__init_array_start, .)
 *(SORT(.init_array.*))
 *(.init_array*)
 .init_array    0x0800f564        0x4 c:/program files (x86)/atollic/truestudio for stm32 9.3.0/armtools/bin/../lib/gcc/arm-atollic-eabi/6.3.1/armv7-m/crtbegin.o
                0x0800f568                PROVIDE (__init_array_end, .)

.fini_array     0x0800f568        0x4
                [!provide]                PROVIDE (__fini_array_start, .)
 *(SORT(.fini_array.*))
 *(.fini_array*)
 .fini_array    0x0800f568        0x4 c:/program files (x86)/atollic/truestudio for stm32 9.3.0/armtools/bin/../lib/gcc/arm-atollic-eabi/6.3.1/armv7-m/crtbegin.o
                [!provide]                PROVIDE (__fini_array_end, .)
                0x0800f56c                _sidata = LOADADDR (.data)

.data           0x20000000      0x698 load address 0x0800f56c
                0x20000000                . = ALIGN (0x4)
                0x20000000                _sdata = .
 *(.data)
 *(.data*)
 .data.APBAHBPrescTable
                0x20000000       0x10 Libraries\STM32F10x_StdPeriph_Driver\src\stm32f10x_rcc.o
 .data.ADCPrescTable
                0x20000010        0x4 Libraries\STM32F10x_StdPeriph_Driver\src\stm32f10x_rcc.o
 .data.SystemCoreClock
                0x20000014        0x4 src\system_stm32f10x.o
                0x20000014                SystemCoreClock
 .data.AHBPrescTable
                0x20000018       0x10 src\system_stm32f10x.o
                0x20000018                AHBPrescTable
 .data._impure_ptr
                0x20000028        0x4 c:/program files (x86)/atollic/truestudio for stm32 9.3.0/armtools/bin/../lib/gcc/arm-atollic-eabi/6.3.1/../../../../arm-atollic-eabi/lib/armv7-m\libc.a(lib_a-impure.o)
                0x20000028                _impure_ptr
 .data.impure_data
                0x2000002c       0xf0 c:/program files (x86)/atollic/truestudio for stm32 9.3.0/armtools/bin/../lib/gcc/arm-atollic-eabi/6.3.1/../../../../arm-atollic-eabi/lib/armv7-m\libc.a(lib_a-impure.o)
 .data.__global_locale
                0x2000011c      0x16c c:/program files (x86)/atollic/truestudio for stm32 9.3.0/armtools/bin/../lib/gcc/arm-atollic-eabi/6.3.1/../../../../arm-atollic-eabi/lib/armv7-m\libc.a(lib_a-locale.o)
                0x2000011c                __global_locale
 .data.__malloc_av_
                0x20000288      0x408 c:/program files (x86)/atollic/truestudio for stm32 9.3.0/armtools/bin/../lib/gcc/arm-atollic-eabi/6.3.1/../../../../arm-atollic-eabi/lib/armv7-m\libc.a(lib_a-mallocr.o)
                0x20000288                __malloc_av_
 .data.__malloc_sbrk_base
                0x20000690        0x4 c:/program files (x86)/atollic/truestudio for stm32 9.3.0/armtools/bin/../lib/gcc/arm-atollic-eabi/6.3.1/../../../../arm-atollic-eabi/lib/armv7-m\libc.a(lib_a-mallocr.o)
                0x20000690                __malloc_sbrk_base
 .data.__malloc_trim_threshold
                0x20000694        0x4 c:/program files (x86)/atollic/truestudio for stm32 9.3.0/armtools/bin/../lib/gcc/arm-atollic-eabi/6.3.1/../../../../arm-atollic-eabi/lib/armv7-m\libc.a(lib_a-mallocr.o)
                0x20000694                __malloc_trim_threshold
                0x20000698                . = ALIGN (0x4)
                0x20000698                _edata = .

.igot.plt       0x20000698        0x0 load address 0x0800fc04
 .igot.plt      0x20000698        0x0 c:/program files (x86)/atollic/truestudio for stm32 9.3.0/armtools/bin/../lib/gcc/arm-atollic-eabi/6.3.1/armv7-m/crtbegin.o
                0x20000698                . = ALIGN (0x4)

.bss            0x20000698     0x142c load address 0x0800fc04
                0x20000698                _sbss = .
                0x20000698                __bss_start__ = _sbss
 *(.bss)
 .bss           0x20000698       0x1c c:/program files (x86)/atollic/truestudio for stm32 9.3.0/armtools/bin/../lib/gcc/arm-atollic-eabi/6.3.1/armv7-m/crtbegin.o
 *(.bss*)
 .bss.tick_ms   0x200006b4        0x4 user\user\driver\hardware.o
 .bss.current_led_state
                0x200006b8        0x1 user\user\driver\led\led.o
 *fill*         0x200006b9        0x3 
 .bss.led_queue
                0x200006bc        0xd user\user\driver\led\led_queue.o
 *fill*         0x200006c9        0x3 
 .bss.uart_sim_buffer_data
                0x200006cc      0x100 user\user\driver\uart\uart.o
 .bss.uart_sim_rx_buff
                0x200007cc       0x10 user\user\driver\uart\uart.o
 .bss.uart_debug_rx_buffer
                0x200007dc      0x100 user\user\driver\uart\uart.o
 .bss.uart_debug_rx_buff
                0x200008dc       0x10 user\user\driver\uart\uart.o
 .bss.app_ctx   0x200008ec       0x20 user\user\gsm\gsm_app\gsm_app.o
 .bss.test_sms_sent
                0x2000090c        0x1 user\user\gsm\gsm_app\gsm_app.o
 *fill*         0x2000090d        0x3 
 .bss.mqtt_rx_topic
                0x20000910       0x80 user\user\gsm\gsm_mqtt\gsm_mqtt.o
 .bss.mqtt_rx_payload
                0x20000990      0x100 user\user\gsm\gsm_mqtt\gsm_mqtt.o
 .bss.mqtt_rx_topic_len
                0x20000a90        0x2 user\user\gsm\gsm_mqtt\gsm_mqtt.o
 .bss.mqtt_rx_topic_expected
                0x20000a92        0x2 user\user\gsm\gsm_mqtt\gsm_mqtt.o
 .bss.mqtt_rx_payload_len
                0x20000a94        0x2 user\user\gsm\gsm_mqtt\gsm_mqtt.o
 .bss.mqtt_rx_payload_expected
                0x20000a96        0x2 user\user\gsm\gsm_mqtt\gsm_mqtt.o
 .bss.mqtt_rx_state
                0x20000a98        0x1 user\user\gsm\gsm_mqtt\gsm_mqtt.o
 *fill*         0x20000a99        0x3 
 .bss.mqtt_rx_timeout
                0x20000a9c        0x4 user\user\gsm\gsm_mqtt\gsm_mqtt.o
 .bss.retry_count.8696
                0x20000aa0        0x1 user\user\gsm\gsm_mqtt\gsm_mqtt.o
 .bss.connect_retry.8710
                0x20000aa1        0x1 user\user\gsm\gsm_mqtt\gsm_mqtt.o
 .bss.topic_sent.8737
                0x20000aa2        0x1 user\user\gsm\gsm_mqtt\gsm_mqtt.o
 .bss.last_phase.8748
                0x20000aa3        0x1 user\user\gsm\gsm_mqtt\gsm_mqtt.o
 .bss.phase_start_time.8747
                0x20000aa4        0x4 user\user\gsm\gsm_mqtt\gsm_mqtt.o
 .bss.last_reset_time.8749
                0x20000aa8        0x4 user\user\gsm\gsm_mqtt\gsm_mqtt.o
 .bss.ping_waiting_response.8764
                0x20000aac        0x1 user\user\gsm\gsm_mqtt\gsm_mqtt.o
 *fill*         0x20000aad        0x3 
 .bss.last_ping_time.8763
                0x20000ab0        0x4 user\user\gsm\gsm_mqtt\gsm_mqtt.o
 .bss.error_time.8776
                0x20000ab4        0x4 user\user\gsm\gsm_mqtt\gsm_mqtt.o
 .bss.gsm_urc_queue
                0x20000ab8      0x504 user\user\gsm\gsm_send_data_queue.o
 .bss.gsm_urc_line_buffer
                0x20000fbc       0x80 user\user\gsm\gsm_send_data_queue.o
 .bss.gsm_urc_line_index
                0x2000103c        0x2 user\user\gsm\gsm_send_data_queue.o
 *fill*         0x2000103e        0x2 
 .bss.sms_urc   0x20001040       0x50 user\user\gsm\gsm_sms\gsm_sms.o
 .bss.__malloc_current_mallinfo
                0x20001090       0x28 c:/program files (x86)/atollic/truestudio for stm32 9.3.0/armtools/bin/../lib/gcc/arm-atollic-eabi/6.3.1/../../../../arm-atollic-eabi/lib/armv7-m\libc.a(lib_a-mallocr.o)
                0x20001090                __malloc_current_mallinfo
 .bss.__malloc_max_sbrked_mem
                0x200010b8        0x4 c:/program files (x86)/atollic/truestudio for stm32 9.3.0/armtools/bin/../lib/gcc/arm-atollic-eabi/6.3.1/../../../../arm-atollic-eabi/lib/armv7-m\libc.a(lib_a-mallocr.o)
                0x200010b8                __malloc_max_sbrked_mem
 .bss.__malloc_max_total_mem
                0x200010bc        0x4 c:/program files (x86)/atollic/truestudio for stm32 9.3.0/armtools/bin/../lib/gcc/arm-atollic-eabi/6.3.1/../../../../arm-atollic-eabi/lib/armv7-m\libc.a(lib_a-mallocr.o)
                0x200010bc                __malloc_max_total_mem
 .bss.__malloc_top_pad
                0x200010c0        0x4 c:/program files (x86)/atollic/truestudio for stm32 9.3.0/armtools/bin/../lib/gcc/arm-atollic-eabi/6.3.1/../../../../arm-atollic-eabi/lib/armv7-m\libc.a(lib_a-mallocr.o)
                0x200010c0                __malloc_top_pad
 .bss.heap_end.4116
                0x200010c4        0x4 c:/program files (x86)/atollic/truestudio for stm32 9.3.0/armtools/bin/../lib/gcc/arm-atollic-eabi/6.3.1/../../../../arm-atollic-eabi/lib/armv7-m\libnosys.a(sbrk.o)
 *(COMMON)
 COMMON         0x200010c8      0x304 user\user\gsm\gsm_mqtt\gsm_mqtt.o
                0x200010c8                line
                0x20001190                urc
                0x200011e0                gsm_mqtt_ctx
 COMMON         0x200013cc      0x550 user\user\gsm\gsm_nw\gsm_nw.o
                0x200013cc                get_urc
                0x200018d0                gsm_nw_ctx
 COMMON         0x2000191c      0x198 user\user\gsm\gsm_sms\gsm_sms.o
                0x2000191c                gsm_sms_ctx
 COMMON         0x20001ab4        0x4 c:/program files (x86)/atollic/truestudio for stm32 9.3.0/armtools/bin/../lib/gcc/arm-atollic-eabi/6.3.1/../../../../arm-atollic-eabi/lib/armv7-m\libc.a(lib_a-reent.o)
                0x20001ab4                errno
 COMMON         0x20001ab8        0x9 c:/program files (x86)/atollic/truestudio for stm32 9.3.0/armtools/bin/../lib/gcc/arm-atollic-eabi/6.3.1/../../../../arm-atollic-eabi/lib/armv7-m\libc.a(lib_a-lock.o)
                0x20001ab8                __lock___atexit_recursive_mutex
                0x20001ab9                __lock___arc4random_mutex
                0x20001aba                __lock___env_recursive_mutex
                0x20001abb                __lock___sinit_recursive_mutex
                0x20001abc                __lock___malloc_recursive_mutex
                0x20001abd                __lock___at_quick_exit_mutex
                0x20001abe                __lock___dd_hash_mutex
                0x20001abf                __lock___tz_mutex
                0x20001ac0                __lock___sfp_recursive_mutex
                0x20001ac4                . = ALIGN (0x4)
 *fill*         0x20001ac1        0x3 
                0x20001ac4                _ebss = .
                0x20001ac4                __bss_end__ = _ebss

._user_heap_stack
                0x20001ac4      0x100 load address 0x0800fc04
                0x20001ac4                . = ALIGN (0x4)
                0x20001ac4                PROVIDE (end, .)
                [!provide]                PROVIDE (_end, .)
                0x20001ac4                . = (. + _Min_Heap_Size)
                0x20001bc4                . = (. + _Min_Stack_Size)
 *fill*         0x20001ac4      0x100 
                0x20001bc4                . = ALIGN (0x4)

.memory_b1_text
 *(.mb1text)
 *(.mb1text*)
 *(.mb1rodata)
 *(.mb1rodata*)

/DISCARD/
 libc.a(*)
 libm.a(*)
 libgcc.a(*)

.ARM.attributes
                0x00000000       0x29
 *(.ARM.attributes)
 .ARM.attributes
                0x00000000       0x1d c:/program files (x86)/atollic/truestudio for stm32 9.3.0/armtools/bin/../lib/gcc/arm-atollic-eabi/6.3.1/armv7-m/crti.o
 .ARM.attributes
                0x0000001d       0x2d c:/program files (x86)/atollic/truestudio for stm32 9.3.0/armtools/bin/../lib/gcc/arm-atollic-eabi/6.3.1/armv7-m/crtbegin.o
 .ARM.attributes
                0x0000004a       0x33 Libraries\STM32F10x_StdPeriph_Driver\src\misc.o
 .ARM.attributes
                0x0000007d       0x33 Libraries\STM32F10x_StdPeriph_Driver\src\stm32f10x_flash.o
 .ARM.attributes
                0x000000b0       0x33 Libraries\STM32F10x_StdPeriph_Driver\src\stm32f10x_gpio.o
 .ARM.attributes
                0x000000e3       0x33 Libraries\STM32F10x_StdPeriph_Driver\src\stm32f10x_rcc.o
 .ARM.attributes
                0x00000116       0x33 Libraries\STM32F10x_StdPeriph_Driver\src\stm32f10x_spi.o
 .ARM.attributes
                0x00000149       0x33 Libraries\STM32F10x_StdPeriph_Driver\src\stm32f10x_usart.o
 .ARM.attributes
                0x0000017c       0x33 src\main.o
 .ARM.attributes
                0x000001af       0x21 src\startup_stm32f10x_md.o
 .ARM.attributes
                0x000001d0       0x33 src\stm32f1xx_it.o
 .ARM.attributes
                0x00000203       0x33 src\system_stm32f10x.o
 .ARM.attributes
                0x00000236       0x33 src\tiny_printf.o
 .ARM.attributes
                0x00000269       0x33 user\third_paty\jsmn\jsmn.o
 .ARM.attributes
                0x0000029c       0x33 user\third_paty\ringbuff\ringbuff.o
 .ARM.attributes
                0x000002cf       0x33 user\user\driver\W25Qx\w25qx.o
 .ARM.attributes
                0x00000302       0x33 user\user\driver\hardware.o
 .ARM.attributes
                0x00000335       0x33 user\user\driver\led\led.o
 .ARM.attributes
                0x00000368       0x33 user\user\driver\led\led_queue.o
 .ARM.attributes
                0x0000039b       0x33 user\user\driver\spi\spi.o
 .ARM.attributes
                0x000003ce       0x33 user\user\driver\uart\uart.o
 .ARM.attributes
                0x00000401       0x33 user\user\gsm\gsm.o
 .ARM.attributes
                0x00000434       0x33 user\user\gsm\gsm_app\gsm_app.o
 .ARM.attributes
                0x00000467       0x33 user\user\gsm\gsm_mqtt\gsm_mqtt.o
 .ARM.attributes
                0x0000049a       0x33 user\user\gsm\gsm_nw\gsm_nw.o
 .ARM.attributes
                0x000004cd       0x33 user\user\gsm\gsm_send_data_queue.o
 .ARM.attributes
                0x00000500       0x33 user\user\gsm\gsm_sms\gsm_sms.o
 .ARM.attributes
                0x00000533       0x33 user\user\gsm\urc\urc.o
 .ARM.attributes
                0x00000566       0x2d c:/program files (x86)/atollic/truestudio for stm32 9.3.0/armtools/bin/../lib/gcc/arm-atollic-eabi/6.3.1/../../../../arm-atollic-eabi/lib/armv7-m\libc.a(lib_a-atoi.o)
 .ARM.attributes
                0x00000593       0x2d c:/program files (x86)/atollic/truestudio for stm32 9.3.0/armtools/bin/../lib/gcc/arm-atollic-eabi/6.3.1/../../../../arm-atollic-eabi/lib/armv7-m\libc.a(lib_a-init.o)
 .ARM.attributes
                0x000005c0       0x2d c:/program files (x86)/atollic/truestudio for stm32 9.3.0/armtools/bin/../lib/gcc/arm-atollic-eabi/6.3.1/../../../../arm-atollic-eabi/lib/armv7-m\libc.a(lib_a-memcpy-stub.o)
 .ARM.attributes
                0x000005ed       0x2d c:/program files (x86)/atollic/truestudio for stm32 9.3.0/armtools/bin/../lib/gcc/arm-atollic-eabi/6.3.1/../../../../arm-atollic-eabi/lib/armv7-m\libc.a(lib_a-memset.o)
 .ARM.attributes
                0x0000061a       0x2d c:/program files (x86)/atollic/truestudio for stm32 9.3.0/armtools/bin/../lib/gcc/arm-atollic-eabi/6.3.1/../../../../arm-atollic-eabi/lib/armv7-m\libc.a(lib_a-snprintf.o)
 .ARM.attributes
                0x00000647       0x2d c:/program files (x86)/atollic/truestudio for stm32 9.3.0/armtools/bin/../lib/gcc/arm-atollic-eabi/6.3.1/../../../../arm-atollic-eabi/lib/armv7-m\libc.a(lib_a-sscanf.o)
 .ARM.attributes
                0x00000674       0x2d c:/program files (x86)/atollic/truestudio for stm32 9.3.0/armtools/bin/../lib/gcc/arm-atollic-eabi/6.3.1/../../../../arm-atollic-eabi/lib/armv7-m\libc.a(lib_a-stdio.o)
 .ARM.attributes
                0x000006a1       0x2d c:/program files (x86)/atollic/truestudio for stm32 9.3.0/armtools/bin/../lib/gcc/arm-atollic-eabi/6.3.1/../../../../arm-atollic-eabi/lib/armv7-m\libc.a(lib_a-strchr.o)
 .ARM.attributes
                0x000006ce       0x1b c:/program files (x86)/atollic/truestudio for stm32 9.3.0/armtools/bin/../lib/gcc/arm-atollic-eabi/6.3.1/../../../../arm-atollic-eabi/lib/armv7-m\libc.a(lib_a-strcmp.o)
 .ARM.attributes
                0x000006e9       0x17 c:/program files (x86)/atollic/truestudio for stm32 9.3.0/armtools/bin/../lib/gcc/arm-atollic-eabi/6.3.1/../../../../arm-atollic-eabi/lib/armv7-m\libc.a(lib_a-strlen.o)
 .ARM.attributes
                0x00000700       0x2d c:/program files (x86)/atollic/truestudio for stm32 9.3.0/armtools/bin/../lib/gcc/arm-atollic-eabi/6.3.1/../../../../arm-atollic-eabi/lib/armv7-m\libc.a(lib_a-strncmp.o)
 .ARM.attributes
                0x0000072d       0x2d c:/program files (x86)/atollic/truestudio for stm32 9.3.0/armtools/bin/../lib/gcc/arm-atollic-eabi/6.3.1/../../../../arm-atollic-eabi/lib/armv7-m\libc.a(lib_a-strncpy.o)
 .ARM.attributes
                0x0000075a       0x2d c:/program files (x86)/atollic/truestudio for stm32 9.3.0/armtools/bin/../lib/gcc/arm-atollic-eabi/6.3.1/../../../../arm-atollic-eabi/lib/armv7-m\libc.a(lib_a-strstr.o)
 .ARM.attributes
                0x00000787       0x2d c:/program files (x86)/atollic/truestudio for stm32 9.3.0/armtools/bin/../lib/gcc/arm-atollic-eabi/6.3.1/../../../../arm-atollic-eabi/lib/armv7-m\libc.a(lib_a-strtol.o)
 .ARM.attributes
                0x000007b4       0x2d c:/program files (x86)/atollic/truestudio for stm32 9.3.0/armtools/bin/../lib/gcc/arm-atollic-eabi/6.3.1/../../../../arm-atollic-eabi/lib/armv7-m\libc.a(lib_a-svfprintf.o)
 .ARM.attributes
                0x000007e1       0x2d c:/program files (x86)/atollic/truestudio for stm32 9.3.0/armtools/bin/../lib/gcc/arm-atollic-eabi/6.3.1/../../../../arm-atollic-eabi/lib/armv7-m\libc.a(lib_a-svfscanf.o)
 .ARM.attributes
                0x0000080e       0x2d c:/program files (x86)/atollic/truestudio for stm32 9.3.0/armtools/bin/../lib/gcc/arm-atollic-eabi/6.3.1/../../../../arm-atollic-eabi/lib/armv7-m\libc.a(lib_a-dtoa.o)
 .ARM.attributes
                0x0000083b       0x2d c:/program files (x86)/atollic/truestudio for stm32 9.3.0/armtools/bin/../lib/gcc/arm-atollic-eabi/6.3.1/../../../../arm-atollic-eabi/lib/armv7-m\libc.a(lib_a-impure.o)
 .ARM.attributes
                0x00000868       0x2d c:/program files (x86)/atollic/truestudio for stm32 9.3.0/armtools/bin/../lib/gcc/arm-atollic-eabi/6.3.1/../../../../arm-atollic-eabi/lib/armv7-m\libc.a(lib_a-iswspace.o)
 .ARM.attributes
                0x00000895       0x2d c:/program files (x86)/atollic/truestudio for stm32 9.3.0/armtools/bin/../lib/gcc/arm-atollic-eabi/6.3.1/../../../../arm-atollic-eabi/lib/armv7-m\libc.a(lib_a-locale.o)
 .ARM.attributes
                0x000008c2       0x2d c:/program files (x86)/atollic/truestudio for stm32 9.3.0/armtools/bin/../lib/gcc/arm-atollic-eabi/6.3.1/../../../../arm-atollic-eabi/lib/armv7-m\libc.a(lib_a-localeconv.o)
 .ARM.attributes
                0x000008ef       0x2d c:/program files (x86)/atollic/truestudio for stm32 9.3.0/armtools/bin/../lib/gcc/arm-atollic-eabi/6.3.1/../../../../arm-atollic-eabi/lib/armv7-m\libc.a(lib_a-malloc.o)
 .ARM.attributes
                0x0000091c       0x2d c:/program files (x86)/atollic/truestudio for stm32 9.3.0/armtools/bin/../lib/gcc/arm-atollic-eabi/6.3.1/../../../../arm-atollic-eabi/lib/armv7-m\libc.a(lib_a-mallocr.o)
 .ARM.attributes
                0x00000949       0x2d c:/program files (x86)/atollic/truestudio for stm32 9.3.0/armtools/bin/../lib/gcc/arm-atollic-eabi/6.3.1/../../../../arm-atollic-eabi/lib/armv7-m\libc.a(lib_a-mbrtowc.o)
 .ARM.attributes
                0x00000976       0x2d c:/program files (x86)/atollic/truestudio for stm32 9.3.0/armtools/bin/../lib/gcc/arm-atollic-eabi/6.3.1/../../../../arm-atollic-eabi/lib/armv7-m\libc.a(lib_a-mbtowc_r.o)
 .ARM.attributes
                0x000009a3       0x2d c:/program files (x86)/atollic/truestudio for stm32 9.3.0/armtools/bin/../lib/gcc/arm-atollic-eabi/6.3.1/../../../../arm-atollic-eabi/lib/armv7-m\libc.a(lib_a-memchr-stub.o)
 .ARM.attributes
                0x000009d0       0x2d c:/program files (x86)/atollic/truestudio for stm32 9.3.0/armtools/bin/../lib/gcc/arm-atollic-eabi/6.3.1/../../../../arm-atollic-eabi/lib/armv7-m\libc.a(lib_a-mlock.o)
 .ARM.attributes
                0x000009fd       0x2d c:/program files (x86)/atollic/truestudio for stm32 9.3.0/armtools/bin/../lib/gcc/arm-atollic-eabi/6.3.1/../../../../arm-atollic-eabi/lib/armv7-m\libc.a(lib_a-mprec.o)
 .ARM.attributes
                0x00000a2a       0x2d c:/program files (x86)/atollic/truestudio for stm32 9.3.0/armtools/bin/../lib/gcc/arm-atollic-eabi/6.3.1/../../../../arm-atollic-eabi/lib/armv7-m\libc.a(lib_a-reent.o)
 .ARM.attributes
                0x00000a57       0x2d c:/program files (x86)/atollic/truestudio for stm32 9.3.0/armtools/bin/../lib/gcc/arm-atollic-eabi/6.3.1/../../../../arm-atollic-eabi/lib/armv7-m\libc.a(lib_a-sbrkr.o)
 .ARM.attributes
                0x00000a84       0x2d c:/program files (x86)/atollic/truestudio for stm32 9.3.0/armtools/bin/../lib/gcc/arm-atollic-eabi/6.3.1/../../../../arm-atollic-eabi/lib/armv7-m\libc.a(lib_a-sccl.o)
 .ARM.attributes
                0x00000ab1       0x2d c:/program files (x86)/atollic/truestudio for stm32 9.3.0/armtools/bin/../lib/gcc/arm-atollic-eabi/6.3.1/../../../../arm-atollic-eabi/lib/armv7-m\libc.a(lib_a-sf_nan.o)
 .ARM.attributes
                0x00000ade       0x2d c:/program files (x86)/atollic/truestudio for stm32 9.3.0/armtools/bin/../lib/gcc/arm-atollic-eabi/6.3.1/../../../../arm-atollic-eabi/lib/armv7-m\libc.a(lib_a-strtod.o)
 .ARM.attributes
                0x00000b0b       0x2d c:/program files (x86)/atollic/truestudio for stm32 9.3.0/armtools/bin/../lib/gcc/arm-atollic-eabi/6.3.1/../../../../arm-atollic-eabi/lib/armv7-m\libc.a(lib_a-strtoll.o)
 .ARM.attributes
                0x00000b38       0x2d c:/program files (x86)/atollic/truestudio for stm32 9.3.0/armtools/bin/../lib/gcc/arm-atollic-eabi/6.3.1/../../../../arm-atollic-eabi/lib/armv7-m\libc.a(lib_a-strtoul.o)
 .ARM.attributes
                0x00000b65       0x2d c:/program files (x86)/atollic/truestudio for stm32 9.3.0/armtools/bin/../lib/gcc/arm-atollic-eabi/6.3.1/../../../../arm-atollic-eabi/lib/armv7-m\libc.a(lib_a-strtoull.o)
 .ARM.attributes
                0x00000b92       0x2d c:/program files (x86)/atollic/truestudio for stm32 9.3.0/armtools/bin/../lib/gcc/arm-atollic-eabi/6.3.1/../../../../arm-atollic-eabi/lib/armv7-m\libc.a(lib_a-svfiprintf.o)
 .ARM.attributes
                0x00000bbf       0x2d c:/program files (x86)/atollic/truestudio for stm32 9.3.0/armtools/bin/../lib/gcc/arm-atollic-eabi/6.3.1/../../../../arm-atollic-eabi/lib/armv7-m\libc.a(lib_a-svfiscanf.o)
 .ARM.attributes
                0x00000bec       0x2d c:/program files (x86)/atollic/truestudio for stm32 9.3.0/armtools/bin/../lib/gcc/arm-atollic-eabi/6.3.1/../../../../arm-atollic-eabi/lib/armv7-m\libc.a(lib_a-ungetc.o)
 .ARM.attributes
                0x00000c19       0x2d c:/program files (x86)/atollic/truestudio for stm32 9.3.0/armtools/bin/../lib/gcc/arm-atollic-eabi/6.3.1/../../../../arm-atollic-eabi/lib/armv7-m\libc.a(lib_a-wctomb_r.o)
 .ARM.attributes
                0x00000c46       0x2d c:/program files (x86)/atollic/truestudio for stm32 9.3.0/armtools/bin/../lib/gcc/arm-atollic-eabi/6.3.1/../../../../arm-atollic-eabi/lib/armv7-m\libc.a(lib_a-callocr.o)
 .ARM.attributes
                0x00000c73       0x2d c:/program files (x86)/atollic/truestudio for stm32 9.3.0/armtools/bin/../lib/gcc/arm-atollic-eabi/6.3.1/../../../../arm-atollic-eabi/lib/armv7-m\libc.a(lib_a-ctype_.o)
 .ARM.attributes
                0x00000ca0       0x2d c:/program files (x86)/atollic/truestudio for stm32 9.3.0/armtools/bin/../lib/gcc/arm-atollic-eabi/6.3.1/../../../../arm-atollic-eabi/lib/armv7-m\libc.a(lib_a-findfp.o)
 .ARM.attributes
                0x00000ccd       0x2d c:/program files (x86)/atollic/truestudio for stm32 9.3.0/armtools/bin/../lib/gcc/arm-atollic-eabi/6.3.1/../../../../arm-atollic-eabi/lib/armv7-m\libc.a(lib_a-freer.o)
 .ARM.attributes
                0x00000cfa       0x2d c:/program files (x86)/atollic/truestudio for stm32 9.3.0/armtools/bin/../lib/gcc/arm-atollic-eabi/6.3.1/../../../../arm-atollic-eabi/lib/armv7-m\libc.a(lib_a-gdtoa-gethex.o)
 .ARM.attributes
                0x00000d27       0x2d c:/program files (x86)/atollic/truestudio for stm32 9.3.0/armtools/bin/../lib/gcc/arm-atollic-eabi/6.3.1/../../../../arm-atollic-eabi/lib/armv7-m\libc.a(lib_a-gdtoa-hexnan.o)
 .ARM.attributes
                0x00000d54       0x2d c:/program files (x86)/atollic/truestudio for stm32 9.3.0/armtools/bin/../lib/gcc/arm-atollic-eabi/6.3.1/../../../../arm-atollic-eabi/lib/armv7-m\libc.a(lib_a-lock.o)
 .ARM.attributes
                0x00000d81       0x2d c:/program files (x86)/atollic/truestudio for stm32 9.3.0/armtools/bin/../lib/gcc/arm-atollic-eabi/6.3.1/../../../../arm-atollic-eabi/lib/armv7-m\libc.a(lib_a-memmove.o)
 .ARM.attributes
                0x00000dae       0x2d c:/program files (x86)/atollic/truestudio for stm32 9.3.0/armtools/bin/../lib/gcc/arm-atollic-eabi/6.3.1/../../../../arm-atollic-eabi/lib/armv7-m\libc.a(lib_a-reallocr.o)
 .ARM.attributes
                0x00000ddb       0x1d c:/program files (x86)/atollic/truestudio for stm32 9.3.0/armtools/bin/../lib/gcc/arm-atollic-eabi/6.3.1/armv7-m\libgcc.a(_arm_addsubdf3.o)
 .ARM.attributes
                0x00000df8       0x1d c:/program files (x86)/atollic/truestudio for stm32 9.3.0/armtools/bin/../lib/gcc/arm-atollic-eabi/6.3.1/armv7-m\libgcc.a(_arm_muldivdf3.o)
 .ARM.attributes
                0x00000e15       0x1d c:/program files (x86)/atollic/truestudio for stm32 9.3.0/armtools/bin/../lib/gcc/arm-atollic-eabi/6.3.1/armv7-m\libgcc.a(_arm_cmpdf2.o)
 .ARM.attributes
                0x00000e32       0x1d c:/program files (x86)/atollic/truestudio for stm32 9.3.0/armtools/bin/../lib/gcc/arm-atollic-eabi/6.3.1/armv7-m\libgcc.a(_arm_unorddf2.o)
 .ARM.attributes
                0x00000e4f       0x1d c:/program files (x86)/atollic/truestudio for stm32 9.3.0/armtools/bin/../lib/gcc/arm-atollic-eabi/6.3.1/armv7-m\libgcc.a(_arm_fixdfsi.o)
 .ARM.attributes
                0x00000e6c       0x1d c:/program files (x86)/atollic/truestudio for stm32 9.3.0/armtools/bin/../lib/gcc/arm-atollic-eabi/6.3.1/armv7-m\libgcc.a(_arm_fixunsdfsi.o)
 .ARM.attributes
                0x00000e89       0x1d c:/program files (x86)/atollic/truestudio for stm32 9.3.0/armtools/bin/../lib/gcc/arm-atollic-eabi/6.3.1/armv7-m\libgcc.a(_arm_truncdfsf2.o)
 .ARM.attributes
                0x00000ea6       0x1d c:/program files (x86)/atollic/truestudio for stm32 9.3.0/armtools/bin/../lib/gcc/arm-atollic-eabi/6.3.1/armv7-m\libgcc.a(_aeabi_uldivmod.o)
 .ARM.attributes
                0x00000ec3       0x2d c:/program files (x86)/atollic/truestudio for stm32 9.3.0/armtools/bin/../lib/gcc/arm-atollic-eabi/6.3.1/armv7-m\libgcc.a(_udivmoddi4.o)
 .ARM.attributes
                0x00000ef0       0x1d c:/program files (x86)/atollic/truestudio for stm32 9.3.0/armtools/bin/../lib/gcc/arm-atollic-eabi/6.3.1/armv7-m\libgcc.a(_dvmd_tls.o)
 .ARM.attributes
                0x00000f0d       0x2d c:/program files (x86)/atollic/truestudio for stm32 9.3.0/armtools/bin/../lib/gcc/arm-atollic-eabi/6.3.1/../../../../arm-atollic-eabi/lib/armv7-m\libnosys.a(sbrk.o)
 .ARM.attributes
                0x00000f3a       0x1d c:/program files (x86)/atollic/truestudio for stm32 9.3.0/armtools/bin/../lib/gcc/arm-atollic-eabi/6.3.1/armv7-m/crtn.o
OUTPUT(noma_demoV3.elf elf32-littlearm)

.debug_info     0x00000000    0x10993
 .debug_info    0x00000000      0x54d Libraries\STM32F10x_StdPeriph_Driver\src\misc.o
 .debug_info    0x0000054d      0x7c8 Libraries\STM32F10x_StdPeriph_Driver\src\stm32f10x_flash.o
 .debug_info    0x00000d15      0x701 Libraries\STM32F10x_StdPeriph_Driver\src\stm32f10x_gpio.o
 .debug_info    0x00001416      0x8b2 Libraries\STM32F10x_StdPeriph_Driver\src\stm32f10x_rcc.o
 .debug_info    0x00001cc8      0x906 Libraries\STM32F10x_StdPeriph_Driver\src\stm32f10x_spi.o
 .debug_info    0x000025ce      0x9fb Libraries\STM32F10x_StdPeriph_Driver\src\stm32f10x_usart.o
 .debug_info    0x00002fc9      0x92f src\main.o
 .debug_info    0x000038f8       0x71 src\startup_stm32f10x_md.o
 .debug_info    0x00003969      0xaf7 src\stm32f1xx_it.o
 .debug_info    0x00004460      0x4a7 src\system_stm32f10x.o
 .debug_info    0x00004907      0xc91 src\tiny_printf.o
 .debug_info    0x00005598      0x3df user\third_paty\jsmn\jsmn.o
 .debug_info    0x00005977      0xd32 user\third_paty\ringbuff\ringbuff.o
 .debug_info    0x000066a9      0x2cb user\user\driver\W25Qx\w25qx.o
 .debug_info    0x00006974      0x688 user\user\driver\hardware.o
 .debug_info    0x00006ffc      0xbe2 user\user\driver\led\led.o
 .debug_info    0x00007bde      0x9e2 user\user\driver\led\led_queue.o
 .debug_info    0x000085c0      0x414 user\user\driver\spi\spi.o
 .debug_info    0x000089d4     0x124c user\user\driver\uart\uart.o
 .debug_info    0x00009c20      0xa77 user\user\gsm\gsm.o
 .debug_info    0x0000a697     0x11ab user\user\gsm\gsm_app\gsm_app.o
 .debug_info    0x0000b842     0x184c user\user\gsm\gsm_mqtt\gsm_mqtt.o
 .debug_info    0x0000d08e      0xde2 user\user\gsm\gsm_nw\gsm_nw.o
 .debug_info    0x0000de70      0xa83 user\user\gsm\gsm_send_data_queue.o
 .debug_info    0x0000e8f3     0x12ea user\user\gsm\gsm_sms\gsm_sms.o
 .debug_info    0x0000fbdd      0xdb6 user\user\gsm\urc\urc.o

.debug_abbrev   0x00000000     0x30f0
 .debug_abbrev  0x00000000      0x172 Libraries\STM32F10x_StdPeriph_Driver\src\misc.o
 .debug_abbrev  0x00000172      0x1a0 Libraries\STM32F10x_StdPeriph_Driver\src\stm32f10x_flash.o
 .debug_abbrev  0x00000312      0x1dd Libraries\STM32F10x_StdPeriph_Driver\src\stm32f10x_gpio.o
 .debug_abbrev  0x000004ef      0x1cf Libraries\STM32F10x_StdPeriph_Driver\src\stm32f10x_rcc.o
 .debug_abbrev  0x000006be      0x1ab Libraries\STM32F10x_StdPeriph_Driver\src\stm32f10x_spi.o
 .debug_abbrev  0x00000869      0x18f Libraries\STM32F10x_StdPeriph_Driver\src\stm32f10x_usart.o
 .debug_abbrev  0x000009f8      0x17f src\main.o
 .debug_abbrev  0x00000b77       0x12 src\startup_stm32f10x_md.o
 .debug_abbrev  0x00000b89      0x1f0 src\stm32f1xx_it.o
 .debug_abbrev  0x00000d79      0x16e src\system_stm32f10x.o
 .debug_abbrev  0x00000ee7      0x262 src\tiny_printf.o
 .debug_abbrev  0x00001149      0x158 user\third_paty\jsmn\jsmn.o
 .debug_abbrev  0x000012a1      0x283 user\third_paty\ringbuff\ringbuff.o
 .debug_abbrev  0x00001524      0x151 user\user\driver\W25Qx\w25qx.o
 .debug_abbrev  0x00001675      0x1e1 user\user\driver\hardware.o
 .debug_abbrev  0x00001856      0x23f user\user\driver\led\led.o
 .debug_abbrev  0x00001a95      0x1cc user\user\driver\led\led_queue.o
 .debug_abbrev  0x00001c61      0x136 user\user\driver\spi\spi.o
 .debug_abbrev  0x00001d97      0x2b4 user\user\driver\uart\uart.o